[0.015s] Invoking command in '/home/asus-ap/nova_ws/src/autonomous/build/autonomous': CMAKE_PREFIX_PATH=${CMAKE_PREFIX_PATH}:/opt/ros/eloquent /usr/bin/cmake --build /home/asus-ap/nova_ws/src/autonomous/build/autonomous -- -j8 -l8
[0.051s] -- pybind11 v2.10.0 dev1
[0.079s] -- Found PythonInterp: /usr/bin/python3.6 (found suitable version "3.6.9", minimum required is "3.6") 
[0.114s] -- Found ament_cmake: 0.8.3 (/opt/ros/eloquent/share/ament_cmake/cmake)
[0.144s] -- Found PythonInterp: /usr/bin/python3.6 (found suitable version "3.6.9", minimum required is "3.6.9") 
[0.144s] -- Using PYTHON_EXECUTABLE: /usr/bin/python3.6
[0.345s] -- Found rclcpp: 0.8.5 (/opt/ros/eloquent/share/rclcpp/cmake)
[0.359s] -- Found rosidl_adapter: 0.8.3 (/opt/ros/eloquent/share/rosidl_adapter/cmake)
[0.394s] -- Found rmw_implementation_cmake: 0.8.1 (/opt/ros/eloquent/share/rmw_implementation_cmake/cmake)
[0.395s] -- Using RMW implementation 'rmw_fastrtps_cpp' as default
[0.423s] -- Found rclpy: 0.8.5 (/opt/ros/eloquent/share/rclpy/cmake)
[0.435s] -- Found OpenCV: /usr (found version "3.2.0") 
[0.435s] -- Found core: 1.0.0 (/home/asus-ap/nova_ws/install/core/share/core/cmake)
[0.437s] -- Found ament_lint_auto: 0.8.2 (/opt/ros/eloquent/share/ament_lint_auto/cmake)
[0.552s] -- Added test 'copyright' to check for copyright in CMake / C / C++ / Python code
[0.586s] -- Added test 'cppcheck' to perform static code analysis on C / C++ code
[0.587s] -- Configured cppcheck include dirs: /home/asus-ap/nova_ws/src/autonomous/include
[0.618s] -- Added test 'cpplint' to check C / C++ code against the Google style
[0.622s] -- Added test 'flake8' to check Python code syntax and style conventions
[0.631s] -- Added test 'lint_cmake' to check CMake code style
[0.635s] -- Added test 'pep257' to check Python code against some of the style conventions in PEP 257
[0.668s] -- Added test 'uncrustify' to check C / C++ code style
[0.673s] -- Added test 'xmllint' to check XML markup files
[0.675s] -- Configuring done
[0.689s] -- Generating done
[0.691s] -- Build files have been written to: /home/asus-ap/nova_ws/src/autonomous/build/autonomous
[0.716s] [35m[1mScanning dependencies of target height_mapper[0m
[0.717s] [35m[1mScanning dependencies of target path_planner[0m
[0.717s] [35m[1mScanning dependencies of target a_star[0m
[0.734s] [ 16%] [32mBuilding CXX object CMakeFiles/path_planner.dir/src/path_planner.cpp.o[0m
[0.735s] [ 33%] [32mBuilding CXX object CMakeFiles/a_star.dir/src/a_star.cpp.o[0m
[0.746s] [ 50%] [32mBuilding CXX object CMakeFiles/height_mapper.dir/src/height_mapper.cpp.o[0m
[1.877s] /home/asus-ap/nova_ws/src/autonomous/src/path_planner.cpp: In instantiation of ‘[01m[Kfloat array2d_sum(std::array<std::array<float, COL>, ROW>, Pair, Pair) [with long unsigned int ROW = 10; long unsigned int COL = 10; Pair = std::pair<int, int>][m[K’:
[1.877s] [01m[K/home/asus-ap/nova_ws/src/autonomous/src/path_planner.cpp:45:58:[m[K   required from here
[1.877s] [01m[K/home/asus-ap/nova_ws/src/autonomous/src/path_planner.cpp:27:69:[m[K [01;35m[Kwarning: [m[Kunused parameter ‘[01m[Kp1[m[K’ [[01;35m[K-Wunused-parameter[m[K]
[1.877s]  float array2d_sum(std::array<std::array<float, COL>, ROW> lst, Pair [01;35m[Kp1[m[K, Pair p2){
[1.877s]                                                                      [01;35m[K^~[m[K
[1.878s] [01m[K/home/asus-ap/nova_ws/src/autonomous/src/path_planner.cpp:27:78:[m[K [01;35m[Kwarning: [m[Kunused parameter ‘[01m[Kp2[m[K’ [[01;35m[K-Wunused-parameter[m[K]
[1.878s]  float array2d_sum(std::array<std::array<float, COL>, ROW> lst, Pair p1, Pair [01;35m[Kp2[m[K){
[1.878s]                                                                               [01;35m[K^~[m[K
[1.878s] /home/asus-ap/nova_ws/src/autonomous/src/path_planner.cpp: In instantiation of ‘[01m[Kfloat array2d_sum(std::array<std::array<float, COL>, ROW>, Pair, Pair) [with long unsigned int ROW = 11; long unsigned int COL = 11; Pair = std::pair<int, int>][m[K’:
[1.878s] [01m[K/home/asus-ap/nova_ws/src/autonomous/src/path_planner.cpp:46:58:[m[K   required from here
[1.878s] [01m[K/home/asus-ap/nova_ws/src/autonomous/src/path_planner.cpp:27:69:[m[K [01;35m[Kwarning: [m[Kunused parameter ‘[01m[Kp1[m[K’ [[01;35m[K-Wunused-parameter[m[K]
[1.878s]  float array2d_sum(std::array<std::array<float, COL>, ROW> lst, Pair [01;35m[Kp1[m[K, Pair p2){
[1.879s]                                                                      [01;35m[K^~[m[K
[1.879s] [01m[K/home/asus-ap/nova_ws/src/autonomous/src/path_planner.cpp:27:78:[m[K [01;35m[Kwarning: [m[Kunused parameter ‘[01m[Kp2[m[K’ [[01;35m[K-Wunused-parameter[m[K]
[1.879s]  float array2d_sum(std::array<std::array<float, COL>, ROW> lst, Pair p1, Pair [01;35m[Kp2[m[K){
[1.879s]                                                                               [01;35m[K^~[m[K
[3.647s] [ 66%] [32m[1mLinking CXX shared module path_planner.cpython-36m-x86_64-linux-gnu.so[0m
[3.844s] [ 83%] [32m[1mLinking CXX shared module a_star.cpython-36m-x86_64-linux-gnu.so[0m
[5.213s] [100%] [32m[1mLinking CXX shared module height_mapper.cpython-36m-x86_64-linux-gnu.so[0m
[5.433s] [100%] Built target path_planner
[5.896s] [100%] Built target a_star
[7.117s] [100%] Built target height_mapper
[7.132s] Invoked command in '/home/asus-ap/nova_ws/src/autonomous/build/autonomous' returned '0': CMAKE_PREFIX_PATH=${CMAKE_PREFIX_PATH}:/opt/ros/eloquent /usr/bin/cmake --build /home/asus-ap/nova_ws/src/autonomous/build/autonomous -- -j8 -l8
[7.185s] Invoking command in '/home/asus-ap/nova_ws/src/autonomous/build/autonomous': CMAKE_PREFIX_PATH=${CMAKE_PREFIX_PATH}:/opt/ros/eloquent /usr/bin/cmake --build /home/asus-ap/nova_ws/src/autonomous/build/autonomous --target install -- -j8 -l8
[7.256s] [ 33%] Built target a_star
[7.257s] [ 66%] Built target height_mapper
[7.257s] [100%] Built target path_planner
[7.280s] [36mInstall the project...[0m
[7.290s] -- Install configuration: ""
[7.291s] -- Installing: /home/asus-ap/nova_ws/install/autonomous/lib/python3.6/site-packages/path_planner.cpython-36m-x86_64-linux-gnu.so
[7.292s] -- Installing: /home/asus-ap/nova_ws/install/autonomous/lib/python3.6/site-packages/a_star.cpython-36m-x86_64-linux-gnu.so
[7.293s] -- Installing: /home/asus-ap/nova_ws/install/autonomous/lib/python3.6/site-packages/height_mapper.cpython-36m-x86_64-linux-gnu.so
[7.294s] -- Up-to-date: /home/asus-ap/nova_ws/src/autonomous/install/autonomous/share/autonomous
[7.294s] -- Up-to-date: /home/asus-ap/nova_ws/src/autonomous/install/autonomous/share/ament_index/resource_index/package_run_dependencies/autonomous
[7.295s] -- Up-to-date: /home/asus-ap/nova_ws/src/autonomous/install/autonomous/share/ament_index/resource_index/parent_prefix_path/autonomous
[7.295s] -- Up-to-date: /home/asus-ap/nova_ws/src/autonomous/install/autonomous/share/autonomous/environment/ament_prefix_path.sh
[7.295s] -- Installing: /home/asus-ap/nova_ws/src/autonomous/install/autonomous/share/autonomous/environment/ament_prefix_path.dsv
[7.295s] -- Up-to-date: /home/asus-ap/nova_ws/src/autonomous/install/autonomous/share/autonomous/environment/path.sh
[7.295s] -- Installing: /home/asus-ap/nova_ws/src/autonomous/install/autonomous/share/autonomous/environment/path.dsv
[7.295s] -- Up-to-date: /home/asus-ap/nova_ws/src/autonomous/install/autonomous/share/autonomous/local_setup.bash
[7.295s] -- Up-to-date: /home/asus-ap/nova_ws/src/autonomous/install/autonomous/share/autonomous/local_setup.sh
[7.296s] -- Up-to-date: /home/asus-ap/nova_ws/src/autonomous/install/autonomous/share/autonomous/local_setup.zsh
[7.296s] -- Installing: /home/asus-ap/nova_ws/src/autonomous/install/autonomous/share/autonomous/local_setup.dsv
[7.296s] -- Installing: /home/asus-ap/nova_ws/src/autonomous/install/autonomous/share/autonomous/package.dsv
[7.296s] -- Up-to-date: /home/asus-ap/nova_ws/src/autonomous/install/autonomous/share/ament_index/resource_index/packages/autonomous
[7.296s] -- Up-to-date: /home/asus-ap/nova_ws/src/autonomous/install/autonomous/share/autonomous/cmake/autonomousConfig.cmake
[7.296s] -- Up-to-date: /home/asus-ap/nova_ws/src/autonomous/install/autonomous/share/autonomous/cmake/autonomousConfig-version.cmake
[7.296s] -- Up-to-date: /home/asus-ap/nova_ws/src/autonomous/install/autonomous/share/autonomous/package.xml
[7.300s] Invoked command in '/home/asus-ap/nova_ws/src/autonomous/build/autonomous' returned '0': CMAKE_PREFIX_PATH=${CMAKE_PREFIX_PATH}:/opt/ros/eloquent /usr/bin/cmake --build /home/asus-ap/nova_ws/src/autonomous/build/autonomous --target install -- -j8 -l8
