-- pybind11 v2.10.0 dev1
-- Found PythonInterp: /usr/bin/python3.6 (found suitable version "3.6.9", minimum required is "3.6") 
-- Found PythonLibs: /usr/lib/x86_64-linux-gnu/libpython3.6m.so
-- Performing Test HAS_FLTO
-- Performing Test HAS_FLTO - Success
-- Found ament_cmake: 0.8.3 (/opt/ros/eloquent/share/ament_cmake/cmake)
-- Found PythonInterp: /usr/bin/python3.6 (found suitable version "3.6.9", minimum required is "3.6.9") 
-- Using PYTHON_EXECUTABLE: /usr/bin/python3.6
-- Found rclcpp: 0.8.5 (/opt/ros/eloquent/share/rclcpp/cmake)
-- Found rosidl_adapter: 0.8.3 (/opt/ros/eloquent/share/rosidl_adapter/cmake)
-- Found rmw_implementation_cmake: 0.8.1 (/opt/ros/eloquent/share/rmw_implementation_cmake/cmake)
-- Using RMW implementation 'rmw_fastrtps_cpp' as default
-- Looking for pthread.h
-- Looking for pthread.h - found
-- Looking for pthread_create
-- Looking for pthread_create - not found
-- Looking for pthread_create in pthreads
-- Looking for pthread_create in pthreads - not found
-- Looking for pthread_create in pthread
-- Looking for pthread_create in pthread - found
-- Found Threads: TRUE  
-- Found rclpy: 0.8.5 (/opt/ros/eloquent/share/rclpy/cmake)
-- Found core: 1.0.0 (/home/asus-ap/nova_ws/install/core/share/core/cmake)
-- Found ament_lint_auto: 0.8.2 (/opt/ros/eloquent/share/ament_lint_auto/cmake)
-- Added test 'copyright' to check for copyright in CMake / C / C++ / Python code
-- Added test 'cppcheck' to perform static code analysis on C / C++ code
-- Configured cppcheck include dirs: /home/asus-ap/nova_ws/src/autonomous/include
-- Added test 'cpplint' to check C / C++ code against the Google style
-- Added test 'flake8' to check Python code syntax and style conventions
-- Added test 'lint_cmake' to check CMake code style
-- Added test 'pep257' to check Python code against some of the style conventions in PEP 257
-- Added test 'uncrustify' to check C / C++ code style
-- Added test 'xmllint' to check XML markup files
-- Configuring done
-- Generating done
-- Build files have been written to: /home/asus-ap/nova_ws/src/autonomous/build/autonomous
[35m[1mScanning dependencies of target a_star[0m
[35m[1mScanning dependencies of target path_planner[0m
[ 50%] [32mBuilding CXX object CMakeFiles/a_star.dir/src/a_star.cpp.o[0m
[ 50%] [32mBuilding CXX object CMakeFiles/path_planner.dir/src/path_planner.cpp.o[0m
/home/asus-ap/nova_ws/src/autonomous/src/path_planner.cpp: In instantiation of ‘[01m[Kfloat array2d_sum(std::array<std::array<float, COL>, ROW>, Pair, Pair) [with long unsigned int ROW = 10; long unsigned int COL = 10; Pair = std::pair<int, int>][m[K’:
[01m[K/home/asus-ap/nova_ws/src/autonomous/src/path_planner.cpp:45:58:[m[K   required from here
[01m[K/home/asus-ap/nova_ws/src/autonomous/src/path_planner.cpp:27:69:[m[K [01;35m[Kwarning: [m[Kunused parameter ‘[01m[Kp1[m[K’ [[01;35m[K-Wunused-parameter[m[K]
 float array2d_sum(std::array<std::array<float, COL>, ROW> lst, Pair [01;35m[Kp1[m[K, Pair p2){
                                                                     [01;35m[K^~[m[K
[01m[K/home/asus-ap/nova_ws/src/autonomous/src/path_planner.cpp:27:78:[m[K [01;35m[Kwarning: [m[Kunused parameter ‘[01m[Kp2[m[K’ [[01;35m[K-Wunused-parameter[m[K]
 float array2d_sum(std::array<std::array<float, COL>, ROW> lst, Pair p1, Pair [01;35m[Kp2[m[K){
                                                                              [01;35m[K^~[m[K
/home/asus-ap/nova_ws/src/autonomous/src/path_planner.cpp: In instantiation of ‘[01m[Kfloat array2d_sum(std::array<std::array<float, COL>, ROW>, Pair, Pair) [with long unsigned int ROW = 11; long unsigned int COL = 11; Pair = std::pair<int, int>][m[K’:
[01m[K/home/asus-ap/nova_ws/src/autonomous/src/path_planner.cpp:46:58:[m[K   required from here
[01m[K/home/asus-ap/nova_ws/src/autonomous/src/path_planner.cpp:27:69:[m[K [01;35m[Kwarning: [m[Kunused parameter ‘[01m[Kp1[m[K’ [[01;35m[K-Wunused-parameter[m[K]
 float array2d_sum(std::array<std::array<float, COL>, ROW> lst, Pair [01;35m[Kp1[m[K, Pair p2){
                                                                     [01;35m[K^~[m[K
[01m[K/home/asus-ap/nova_ws/src/autonomous/src/path_planner.cpp:27:78:[m[K [01;35m[Kwarning: [m[Kunused parameter ‘[01m[Kp2[m[K’ [[01;35m[K-Wunused-parameter[m[K]
 float array2d_sum(std::array<std::array<float, COL>, ROW> lst, Pair p1, Pair [01;35m[Kp2[m[K){
                                                                              [01;35m[K^~[m[K
[ 75%] [32m[1mLinking CXX shared module path_planner.cpython-36m-x86_64-linux-gnu.so[0m
[100%] [32m[1mLinking CXX shared module a_star.cpython-36m-x86_64-linux-gnu.so[0m
[100%] Built target path_planner
[100%] Built target a_star
[ 75%] Built target path_planner
[100%] Built target a_star
[36mInstall the project...[0m
-- Install configuration: ""
-- Installing: /home/asus-ap/nova_ws/install/autonomous/lib/python3.6/site-packages/path_planner.cpython-36m-x86_64-linux-gnu.so
-- Installing: /home/asus-ap/nova_ws/install/autonomous/lib/python3.6/site-packages/a_star.cpython-36m-x86_64-linux-gnu.so
-- Up-to-date: /home/asus-ap/nova_ws/src/autonomous/install/autonomous/share/autonomous
-- Installing: /home/asus-ap/nova_ws/src/autonomous/install/autonomous/share/ament_index/resource_index/package_run_dependencies/autonomous
-- Installing: /home/asus-ap/nova_ws/src/autonomous/install/autonomous/share/ament_index/resource_index/parent_prefix_path/autonomous
-- Installing: /home/asus-ap/nova_ws/src/autonomous/install/autonomous/share/autonomous/environment/ament_prefix_path.sh
-- Installing: /home/asus-ap/nova_ws/src/autonomous/install/autonomous/share/autonomous/environment/ament_prefix_path.dsv
-- Installing: /home/asus-ap/nova_ws/src/autonomous/install/autonomous/share/autonomous/environment/path.sh
-- Installing: /home/asus-ap/nova_ws/src/autonomous/install/autonomous/share/autonomous/environment/path.dsv
-- Installing: /home/asus-ap/nova_ws/src/autonomous/install/autonomous/share/autonomous/local_setup.bash
-- Installing: /home/asus-ap/nova_ws/src/autonomous/install/autonomous/share/autonomous/local_setup.sh
-- Installing: /home/asus-ap/nova_ws/src/autonomous/install/autonomous/share/autonomous/local_setup.zsh
-- Installing: /home/asus-ap/nova_ws/src/autonomous/install/autonomous/share/autonomous/local_setup.dsv
-- Installing: /home/asus-ap/nova_ws/src/autonomous/install/autonomous/share/autonomous/package.dsv
-- Installing: /home/asus-ap/nova_ws/src/autonomous/install/autonomous/share/ament_index/resource_index/packages/autonomous
-- Installing: /home/asus-ap/nova_ws/src/autonomous/install/autonomous/share/autonomous/cmake/autonomousConfig.cmake
-- Installing: /home/asus-ap/nova_ws/src/autonomous/install/autonomous/share/autonomous/cmake/autonomousConfig-version.cmake
-- Installing: /home/asus-ap/nova_ws/src/autonomous/install/autonomous/share/autonomous/package.xml
