[0.013s] Invoking command in '/home/asus-ap/nova_ws/src/autonomous/build/autonomous': CMAKE_PREFIX_PATH=${CMAKE_PREFIX_PATH}:/opt/ros/eloquent /usr/bin/cmake /home/asus-ap/nova_ws/src/autonomous -DCMAKE_INSTALL_PREFIX=/home/asus-ap/nova_ws/src/autonomous/install/autonomous
[0.036s] -- pybind11 v2.10.0 dev1
[0.065s] -- Found PythonInterp: /usr/bin/python3.6 (found suitable version "3.6.9", minimum required is "3.6") 
[0.100s] -- Found PythonLibs: /usr/lib/x86_64-linux-gnu/libpython3.6m.so
[0.102s] -- Performing Test HAS_FLTO
[0.228s] -- Performing Test HAS_FLTO - Success
[0.231s] -- Found ament_cmake: 0.8.3 (/opt/ros/eloquent/share/ament_cmake/cmake)
[0.264s] -- Found PythonInterp: /usr/bin/python3.6 (found suitable version "3.6.9", minimum required is "3.6.9") 
[0.264s] -- Using PYTHON_EXECUTABLE: /usr/bin/python3.6
[0.472s] -- Found rclcpp: 0.8.5 (/opt/ros/eloquent/share/rclcpp/cmake)
[0.493s] -- Found rosidl_adapter: 0.8.3 (/opt/ros/eloquent/share/rosidl_adapter/cmake)
[0.534s] -- Found rmw_implementation_cmake: 0.8.1 (/opt/ros/eloquent/share/rmw_implementation_cmake/cmake)
[0.535s] -- Using RMW implementation 'rmw_fastrtps_cpp' as default
[0.536s] -- Looking for pthread.h
[0.613s] -- Looking for pthread.h - found
[0.614s] -- Looking for pthread_create
[0.694s] -- Looking for pthread_create - not found
[0.694s] -- Looking for pthread_create in pthreads
[0.761s] -- Looking for pthread_create in pthreads - not found
[0.761s] -- Looking for pthread_create in pthread
[0.839s] -- Looking for pthread_create in pthread - found
[0.840s] -- Found Threads: TRUE  
[0.880s] -- Found rclpy: 0.8.5 (/opt/ros/eloquent/share/rclpy/cmake)
[0.880s] -- Found core: 1.0.0 (/home/asus-ap/nova_ws/install/core/share/core/cmake)
[0.884s] -- Found ament_lint_auto: 0.8.2 (/opt/ros/eloquent/share/ament_lint_auto/cmake)
[1.006s] -- Added test 'copyright' to check for copyright in CMake / C / C++ / Python code
[1.035s] -- Added test 'cppcheck' to perform static code analysis on C / C++ code
[1.036s] -- Configured cppcheck include dirs: /home/asus-ap/nova_ws/src/autonomous/include
[1.065s] -- Added test 'cpplint' to check C / C++ code against the Google style
[1.069s] -- Added test 'flake8' to check Python code syntax and style conventions
[1.076s] -- Added test 'lint_cmake' to check CMake code style
[1.080s] -- Added test 'pep257' to check Python code against some of the style conventions in PEP 257
[1.108s] -- Added test 'uncrustify' to check C / C++ code style
[1.111s] -- Added test 'xmllint' to check XML markup files
[1.114s] -- Configuring done
[1.119s] -- Generating done
[1.121s] -- Build files have been written to: /home/asus-ap/nova_ws/src/autonomous/build/autonomous
[1.124s] Invoked command in '/home/asus-ap/nova_ws/src/autonomous/build/autonomous' returned '0': CMAKE_PREFIX_PATH=${CMAKE_PREFIX_PATH}:/opt/ros/eloquent /usr/bin/cmake /home/asus-ap/nova_ws/src/autonomous -DCMAKE_INSTALL_PREFIX=/home/asus-ap/nova_ws/src/autonomous/install/autonomous
[1.126s] Invoking command in '/home/asus-ap/nova_ws/src/autonomous/build/autonomous': CMAKE_PREFIX_PATH=${CMAKE_PREFIX_PATH}:/opt/ros/eloquent /usr/bin/cmake --build /home/asus-ap/nova_ws/src/autonomous/build/autonomous -- -j8 -l8
[1.175s] [35m[1mScanning dependencies of target a_star[0m
[1.176s] [35m[1mScanning dependencies of target path_planner[0m
[1.199s] [ 50%] [32mBuilding CXX object CMakeFiles/a_star.dir/src/a_star.cpp.o[0m
[1.200s] [ 50%] [32mBuilding CXX object CMakeFiles/path_planner.dir/src/path_planner.cpp.o[0m
[2.346s] /home/asus-ap/nova_ws/src/autonomous/src/path_planner.cpp: In instantiation of ‘[01m[Kfloat array2d_sum(std::array<std::array<float, COL>, ROW>, Pair, Pair) [with long unsigned int ROW = 10; long unsigned int COL = 10; Pair = std::pair<int, int>][m[K’:
[2.346s] [01m[K/home/asus-ap/nova_ws/src/autonomous/src/path_planner.cpp:45:58:[m[K   required from here
[2.347s] [01m[K/home/asus-ap/nova_ws/src/autonomous/src/path_planner.cpp:27:69:[m[K [01;35m[Kwarning: [m[Kunused parameter ‘[01m[Kp1[m[K’ [[01;35m[K-Wunused-parameter[m[K]
[2.347s]  float array2d_sum(std::array<std::array<float, COL>, ROW> lst, Pair [01;35m[Kp1[m[K, Pair p2){
[2.347s]                                                                      [01;35m[K^~[m[K
[2.347s] [01m[K/home/asus-ap/nova_ws/src/autonomous/src/path_planner.cpp:27:78:[m[K [01;35m[Kwarning: [m[Kunused parameter ‘[01m[Kp2[m[K’ [[01;35m[K-Wunused-parameter[m[K]
[2.347s]  float array2d_sum(std::array<std::array<float, COL>, ROW> lst, Pair p1, Pair [01;35m[Kp2[m[K){
[2.347s]                                                                               [01;35m[K^~[m[K
[2.347s] /home/asus-ap/nova_ws/src/autonomous/src/path_planner.cpp: In instantiation of ‘[01m[Kfloat array2d_sum(std::array<std::array<float, COL>, ROW>, Pair, Pair) [with long unsigned int ROW = 11; long unsigned int COL = 11; Pair = std::pair<int, int>][m[K’:
[2.347s] [01m[K/home/asus-ap/nova_ws/src/autonomous/src/path_planner.cpp:46:58:[m[K   required from here
[2.348s] [01m[K/home/asus-ap/nova_ws/src/autonomous/src/path_planner.cpp:27:69:[m[K [01;35m[Kwarning: [m[Kunused parameter ‘[01m[Kp1[m[K’ [[01;35m[K-Wunused-parameter[m[K]
[2.348s]  float array2d_sum(std::array<std::array<float, COL>, ROW> lst, Pair [01;35m[Kp1[m[K, Pair p2){
[2.348s]                                                                      [01;35m[K^~[m[K
[2.348s] [01m[K/home/asus-ap/nova_ws/src/autonomous/src/path_planner.cpp:27:78:[m[K [01;35m[Kwarning: [m[Kunused parameter ‘[01m[Kp2[m[K’ [[01;35m[K-Wunused-parameter[m[K]
[2.348s]  float array2d_sum(std::array<std::array<float, COL>, ROW> lst, Pair p1, Pair [01;35m[Kp2[m[K){
[2.348s]                                                                               [01;35m[K^~[m[K
[4.034s] [ 75%] [32m[1mLinking CXX shared module path_planner.cpython-36m-x86_64-linux-gnu.so[0m
[4.201s] [100%] [32m[1mLinking CXX shared module a_star.cpython-36m-x86_64-linux-gnu.so[0m
[5.554s] [100%] Built target path_planner
[5.949s] [100%] Built target a_star
[5.964s] Invoked command in '/home/asus-ap/nova_ws/src/autonomous/build/autonomous' returned '0': CMAKE_PREFIX_PATH=${CMAKE_PREFIX_PATH}:/opt/ros/eloquent /usr/bin/cmake --build /home/asus-ap/nova_ws/src/autonomous/build/autonomous -- -j8 -l8
[6.011s] Invoking command in '/home/asus-ap/nova_ws/src/autonomous/build/autonomous': CMAKE_PREFIX_PATH=${CMAKE_PREFIX_PATH}:/opt/ros/eloquent /usr/bin/cmake --build /home/asus-ap/nova_ws/src/autonomous/build/autonomous --target install -- -j8 -l8
[6.076s] [ 75%] Built target path_planner
[6.077s] [100%] Built target a_star
[6.099s] [36mInstall the project...[0m
[6.110s] -- Install configuration: ""
[6.110s] -- Installing: /home/asus-ap/nova_ws/install/autonomous/lib/python3.6/site-packages/path_planner.cpython-36m-x86_64-linux-gnu.so
[6.111s] -- Installing: /home/asus-ap/nova_ws/install/autonomous/lib/python3.6/site-packages/a_star.cpython-36m-x86_64-linux-gnu.so
[6.112s] -- Up-to-date: /home/asus-ap/nova_ws/src/autonomous/install/autonomous/share/autonomous
[6.113s] -- Installing: /home/asus-ap/nova_ws/src/autonomous/install/autonomous/share/ament_index/resource_index/package_run_dependencies/autonomous
[6.113s] -- Installing: /home/asus-ap/nova_ws/src/autonomous/install/autonomous/share/ament_index/resource_index/parent_prefix_path/autonomous
[6.113s] -- Installing: /home/asus-ap/nova_ws/src/autonomous/install/autonomous/share/autonomous/environment/ament_prefix_path.sh
[6.113s] -- Installing: /home/asus-ap/nova_ws/src/autonomous/install/autonomous/share/autonomous/environment/ament_prefix_path.dsv
[6.113s] -- Installing: /home/asus-ap/nova_ws/src/autonomous/install/autonomous/share/autonomous/environment/path.sh
[6.113s] -- Installing: /home/asus-ap/nova_ws/src/autonomous/install/autonomous/share/autonomous/environment/path.dsv
[6.114s] -- Installing: /home/asus-ap/nova_ws/src/autonomous/install/autonomous/share/autonomous/local_setup.bash
[6.114s] -- Installing: /home/asus-ap/nova_ws/src/autonomous/install/autonomous/share/autonomous/local_setup.sh
[6.114s] -- Installing: /home/asus-ap/nova_ws/src/autonomous/install/autonomous/share/autonomous/local_setup.zsh
[6.114s] -- Installing: /home/asus-ap/nova_ws/src/autonomous/install/autonomous/share/autonomous/local_setup.dsv
[6.114s] -- Installing: /home/asus-ap/nova_ws/src/autonomous/install/autonomous/share/autonomous/package.dsv
[6.114s] -- Installing: /home/asus-ap/nova_ws/src/autonomous/install/autonomous/share/ament_index/resource_index/packages/autonomous
[6.114s] -- Installing: /home/asus-ap/nova_ws/src/autonomous/install/autonomous/share/autonomous/cmake/autonomousConfig.cmake
[6.114s] -- Installing: /home/asus-ap/nova_ws/src/autonomous/install/autonomous/share/autonomous/cmake/autonomousConfig-version.cmake
[6.114s] -- Installing: /home/asus-ap/nova_ws/src/autonomous/install/autonomous/share/autonomous/package.xml
[6.119s] Invoked command in '/home/asus-ap/nova_ws/src/autonomous/build/autonomous' returned '0': CMAKE_PREFIX_PATH=${CMAKE_PREFIX_PATH}:/opt/ros/eloquent /usr/bin/cmake --build /home/asus-ap/nova_ws/src/autonomous/build/autonomous --target install -- -j8 -l8
