[0.000000] (-) TimerEvent: {}
[0.016000] (core) JobQueued: {'identifier': 'core', 'dependencies': OrderedDict()}
[0.016000] (autonomous) JobQueued: {'identifier': 'autonomous', 'dependencies': OrderedDict([('core', 'C:\\Users\\shelb\\Downloads\\nova\\rover\\rover\\install\\core')])}
[0.016000] (control) JobQueued: {'identifier': 'control', 'dependencies': OrderedDict([('core', 'C:\\Users\\shelb\\Downloads\\nova\\rover\\rover\\install\\core')])}
[0.016000] (electronics) JobQueued: {'identifier': 'electronics', 'dependencies': OrderedDict([('core', 'C:\\Users\\shelb\\Downloads\\nova\\rover\\rover\\install\\core')])}
[0.016000] (science) JobQueued: {'identifier': 'science', 'dependencies': OrderedDict([('core', 'C:\\Users\\shelb\\Downloads\\nova\\rover\\rover\\install\\core')])}
[0.016000] (core) JobStarted: {'identifier': 'core'}
[0.110000] (-) TimerEvent: {}
[0.235000] (-) TimerEvent: {}
[0.344000] (-) TimerEvent: {}
[0.453000] (-) TimerEvent: {}
[0.578000] (-) TimerEvent: {}
[0.688000] (-) TimerEvent: {}
[0.813000] (-) TimerEvent: {}
[0.891000] (core) JobProgress: {'identifier': 'core', 'progress': 'cmake'}
[0.907000] (core) Command: {'cmd': ['C:\\Program Files (x86)\\Microsoft Visual Studio\\2019\\Community\\Common7\\IDE\\CommonExtensions\\Microsoft\\CMake\\CMake\\bin\\cmake.EXE', 'C:\\Users\\shelb\\Downloads\\nova\\rover\\rover\\core', '-DCMAKE_INSTALL_PREFIX=C:\\Users\\shelb\\Downloads\\nova\\rover\\rover\\install\\core'], 'cwd': 'C:\\Users\\shelb\\Downloads\\nova\\rover\\rover\\build\\core', 'env': OrderedDict([('AGSDESKTOPJAVA', 'C:\\Program Files (x86)\\ArcGIS\\Desktop10.8\\'), ('ALLUSERSPROFILE', 'C:\\ProgramData'), ('APPDATA', 'C:\\Users\\shelb\\AppData\\Roaming'), ('AV_APPDATA', 'C:\\Users\\shelb\\AppData\\Roaming'), ('ChocolateyInstall', 'C:\\ProgramData\\chocolatey'), ('ChocolateyLastPathUpdate', '133201115228157983'), ('COLCON', '1'), ('CommandPromptType', 'Native'), ('CommonProgramFiles', 'C:\\Program Files\\Common Files'), ('CommonProgramFiles(x86)', 'C:\\Program Files (x86)\\Common Files'), ('CommonProgramW6432', 'C:\\Program Files\\Common Files'), ('COMPUTERNAME', 'LAPTOP-5RGLPM09'), ('ComSpec', 'C:\\Windows\\system32\\cmd.exe'), ('DevEnvDir', 'C:\\Program Files (x86)\\Microsoft Visual Studio\\2019\\Community\\Common7\\IDE\\'), ('DriverData', 'C:\\Windows\\System32\\Drivers\\DriverData'), ('ExtensionSdkDir', 'C:\\Program Files (x86)\\Microsoft SDKs\\Windows Kits\\10\\ExtensionSDKs'), ('FPS_BROWSER_APP_PROFILE_STRING', 'Internet Explorer'), ('FPS_BROWSER_USER_PROFILE_STRING', 'Default'), ('Framework40Version', 'v4.0'), ('FrameworkDir', 'C:\\Windows\\Microsoft.NET\\Framework64\\'), ('FrameworkDir64', 'C:\\Windows\\Microsoft.NET\\Framework64\\'), ('FrameworkVersion', 'v4.0.30319'), ('FrameworkVersion64', 'v4.0.30319'), ('GTK_BASEPATH', 'C:\\Program Files (x86)\\GtkSharp\\2.12\\'), ('HOMEDRIVE', 'C:'), ('HOMEPATH', '\\Users\\shelb'), ('INCLUDE', 'C:\\Program Files (x86)\\Microsoft Visual Studio\\2019\\Community\\VC\\Tools\\MSVC\\14.29.30133\\ATLMFC\\include;C:\\Program Files (x86)\\Microsoft Visual Studio\\2019\\Community\\VC\\Tools\\MSVC\\14.29.30133\\include;C:\\Program Files (x86)\\Windows Kits\\10\\include\\10.0.19041.0\\ucrt;C:\\Program Files (x86)\\Windows Kits\\10\\include\\10.0.19041.0\\shared;C:\\Program Files (x86)\\Windows Kits\\10\\include\\10.0.19041.0\\um;C:\\Program Files (x86)\\Windows Kits\\10\\include\\10.0.19041.0\\winrt;C:\\Program Files (x86)\\Windows Kits\\10\\include\\10.0.19041.0\\cppwinrt'), ('LIB', 'C:\\Program Files (x86)\\Microsoft Visual Studio\\2019\\Community\\VC\\Tools\\MSVC\\14.29.30133\\ATLMFC\\lib\\x64;C:\\Program Files (x86)\\Microsoft Visual Studio\\2019\\Community\\VC\\Tools\\MSVC\\14.29.30133\\lib\\x64;C:\\Program Files (x86)\\Windows Kits\\10\\lib\\10.0.19041.0\\ucrt\\x64;C:\\Program Files (x86)\\Windows Kits\\10\\lib\\10.0.19041.0\\um\\x64'), ('LIBPATH', 'C:\\Program Files (x86)\\Microsoft Visual Studio\\2019\\Community\\VC\\Tools\\MSVC\\14.29.30133\\ATLMFC\\lib\\x64;C:\\Program Files (x86)\\Microsoft Visual Studio\\2019\\Community\\VC\\Tools\\MSVC\\14.29.30133\\lib\\x64;C:\\Program Files (x86)\\Microsoft Visual Studio\\2019\\Community\\VC\\Tools\\MSVC\\14.29.30133\\lib\\x86\\store\\references;C:\\Program Files (x86)\\Windows Kits\\10\\UnionMetadata\\10.0.19041.0;C:\\Program Files (x86)\\Windows Kits\\10\\References\\10.0.19041.0;C:\\Windows\\Microsoft.NET\\Framework64\\v4.0.30319'), ('LOCALAPPDATA', 'C:\\Users\\shelb\\AppData\\Local'), ('LOGONSERVER', '\\\\LAPTOP-5RGLPM09'), ('MOTORCAD_ACTIVEX', '"c:\\ANSYS_Motor-CAD\\15_1_7\\..\\Shared Files\\ActiveX.bat"'), ('NUMBER_OF_PROCESSORS', '16'), ('OneDrive', 'C:\\Users\\shelb\\OneDrive - Monash University'), ('OneDriveCommercial', 'C:\\Users\\shelb\\OneDrive - Monash University'), ('OneDriveConsumer', 'C:\\Users\\shelb\\OneDrive'), ('OpenCV_DIR', 'C:\\opencv'), ('OPENSSL_CONF', 'C:\\Program Files\\OpenSSL-Win64\\bin\\openssl.cfg'), ('OS', 'Windows_NT'), ('OSL_ALT_CI_SEARCH_DIRS', 'c:\\ANSYS_Motor-CAD\\15_1_7\\Motor-CAD Data\\optiSLang\\Integration'), ('Path', 'C:\\Program Files (x86)\\Microsoft Visual Studio\\2019\\Community\\Common7\\IDE\\\\Extensions\\Microsoft\\IntelliCode\\CLI;C:\\Program Files (x86)\\Microsoft Visual Studio\\2019\\Community\\VC\\Tools\\MSVC\\14.29.30133\\bin\\HostX64\\x64;C:\\Program Files (x86)\\Microsoft Visual Studio\\2019\\Community\\Common7\\IDE\\VC\\VCPackages;C:\\Program Files (x86)\\Microsoft Visual Studio\\2019\\Community\\Common7\\IDE\\CommonExtensions\\Microsoft\\TestWindow;C:\\Program Files (x86)\\Microsoft Visual Studio\\2019\\Community\\Common7\\IDE\\CommonExtensions\\Microsoft\\TeamFoundation\\Team Explorer;C:\\Program Files (x86)\\Microsoft Visual Studio\\2019\\Community\\MSBuild\\Current\\bin\\Roslyn;C:\\Program Files (x86)\\Microsoft Visual Studio\\2019\\Community\\Team Tools\\Performance Tools\\x64;C:\\Program Files (x86)\\Microsoft Visual Studio\\2019\\Community\\Team Tools\\Performance Tools;C:\\Program Files (x86)\\Microsoft Visual Studio\\Shared\\Common\\VSPerfCollectionTools\\vs2019\\\\x64;C:\\Program Files (x86)\\Microsoft Visual Studio\\Shared\\Common\\VSPerfCollectionTools\\vs2019\\;C:\\Program Files (x86)\\Microsoft Visual Studio\\2019\\Community\\Common7\\Tools\\devinit;C:\\Program Files (x86)\\Windows Kits\\10\\bin\\10.0.19041.0\\x64;C:\\Program Files (x86)\\Windows Kits\\10\\bin\\x64;C:\\Program Files (x86)\\Microsoft Visual Studio\\2019\\Community\\\\MSBuild\\Current\\Bin;C:\\Windows\\Microsoft.NET\\Framework64\\v4.0.30319;C:\\Program Files (x86)\\Microsoft Visual Studio\\2019\\Community\\Common7\\IDE\\;C:\\Program Files (x86)\\Microsoft Visual Studio\\2019\\Community\\Common7\\Tools\\;C:\\Program Files\\Python38\\Scripts\\;C:\\Program Files\\Python38\\;C:\\Program Files (x86)\\Common Files\\Oracle\\Java\\javapath;C:\\Windows\\system32;C:\\Windows;C:\\Windows\\System32\\Wbem;C:\\Windows\\System32\\WindowsPowerShell\\v1.0\\;C:\\Windows\\System32\\OpenSSH\\;C:\\Program Files (x86)\\NVIDIA Corporation\\PhysX\\Common;C:\\Program Files\\NVIDIA Corporation\\NVIDIA NvDLISR;C:\\Program Files\\Microchip\\xc16\\v2.00\\bin;C:\\Program Files\\Microsoft SQL Server\\Client SDK\\ODBC\\110\\Tools\\Binn\\;C:\\Program Files (x86)\\Microsoft SQL Server\\120\\Tools\\Binn\\;C:\\Program Files\\Microsoft SQL Server\\120\\Tools\\Binn\\;C:\\Program Files\\Microsoft SQL Server\\120\\DTS\\Binn\\;C:\\Program Files (x86)\\Windows Kits\\8.1\\Windows Performance Toolkit\\;C:\\Program Files\\MATLAB\\R2021b\\bin;C:\\Program Files\\Git\\cmd;C:\\Program Files (x86)\\GtkSharp\\2.12\\bin;C:\\ProgramData\\chocolatey\\bin;C:\\Program Files\\OpenSSL-Win64\\bin\\;C:\\opencv\\x64\\vc16\\bin;C:\\ProgramData\\chocolatey\\lib\\tinyxml2\\lib;C:\\ProgramData\\chocolatey\\lib\\log4cxx\\lib;C:\\ProgramData\\chocolatey\\lib\\bullet\\lib;C:\\ProgramData\\chocolatey\\lib\\cunit\\lib;C:\\Program Files\\Cppcheck;C:\\Users\\shelb\\AppData\\Local\\Programs\\Python\\Python310\\Scripts\\;C:\\Users\\shelb\\AppData\\Local\\Programs\\Python\\Python310\\;C:\\Users\\shelb\\AppData\\Local\\Microsoft\\WindowsApps;C:\\Users\\shelb\\AppData\\Local\\Programs\\Microsoft VS Code\\bin;C:\\msys64\\mingw64\\bin;C:\\Users\\shelb\\AppData\\Local\\GitHubDesktop\\bin;C:\\intelFPGA\\18.1\\modelsim_ae\\win32aloem;C:\\Program Files\\JetBrains\\PyCharm Community Edition 2022.3.1\\bin;;C:\\Program Files (x86)\\Microsoft Visual Studio\\2019\\Community\\Common7\\IDE\\CommonExtensions\\Microsoft\\CMake\\CMake\\bin;C:\\Program Files (x86)\\Microsoft Visual Studio\\2019\\Community\\Common7\\IDE\\CommonExtensions\\Microsoft\\CMake\\Ninja'), ('PATHEXT', '.COM;.EXE;.BAT;.CMD;.VBS;.VBE;.JS;.JSE;.WSF;.WSH;.MSC;.PY;.PYW'), ('Platform', 'x64'), ('PROCESSOR_ARCHITECTURE', 'AMD64'), ('PROCESSOR_IDENTIFIER', 'AMD64 Family 25 Model 80 Stepping 0, AuthenticAMD'), ('PROCESSOR_LEVEL', '25'), ('PROCESSOR_REVISION', '5000'), ('ProgramData', 'C:\\ProgramData'), ('ProgramFiles', 'C:\\Program Files'), ('ProgramFiles(x86)', 'C:\\Program Files (x86)'), ('ProgramW6432', 'C:\\Program Files'), ('PROMPT', '$P$G'), ('PSModulePath', 'C:\\Program Files\\WindowsPowerShell\\Modules;C:\\Windows\\system32\\WindowsPowerShell\\v1.0\\Modules;C:\\Program Files (x86)\\Microsoft SQL Server\\120\\Tools\\PowerShell\\Modules\\'), ('PUBLIC', 'C:\\Users\\Public\nPyCharm Community Edition=C:\\Program Files\\JetBrains\\PyCharm Community Edition 2022.3.1\\bin;'), ('QSYS_ROOTDIR', 'C:\\intelFPGA_lite\\18.1\\quartus\\sopc_builder\\bin'), ('QUARTUS_ROOTDIR', 'C:\\intelFPGA_lite\\18.1\\quartus'), ('ROS_DOMAIN_ID', '0'), ('ROS_LOCALHOST_ONLY', '0'), ('SESSIONNAME', 'Console'), ('SOPC_KIT_NIOS2', 'C:\\intelFPGA_lite\\18.1\\nios2eds'), ('SW_SIM_HYDRA', 'C:\\Program Files\\Common Files\\SolidWorks Shared\\Simulation Worker Agent\\'), ('SW_SIM_MPIT', 'INTELMPI'), ('SW_SIM_TEMP', 'C:\\ProgramData\\SOLIDWORKS\\SW_net_sim_temp\\'), ('SystemDrive', 'C:'), ('SystemRoot', 'C:\\Windows'), ('TEMP', 'C:\\Users\\shelb\\AppData\\Local\\Temp'), ('TMP', 'C:\\Users\\shelb\\AppData\\Local\\Temp'), ('UCRTVersion', '10.0.19041.0'), ('UniversalCRTSdkDir', 'C:\\Program Files (x86)\\Windows Kits\\10\\'), ('USERDOMAIN', 'LAPTOP-5RGLPM09'), ('USERDOMAIN_ROAMINGPROFILE', 'LAPTOP-5RGLPM09'), ('USERNAME', 'shelb'), ('USERPROFILE', 'C:\\Users\\shelb'), ('VBOX_MSI_INSTALL_PATH', 'C:\\Program Files\\Oracle\\VirtualBox\\'), ('VCIDEInstallDir', 'C:\\Program Files (x86)\\Microsoft Visual Studio\\2019\\Community\\Common7\\IDE\\VC\\'), ('VCINSTALLDIR', 'C:\\Program Files (x86)\\Microsoft Visual Studio\\2019\\Community\\VC\\'), ('VCToolsInstallDir', 'C:\\Program Files (x86)\\Microsoft Visual Studio\\2019\\Community\\VC\\Tools\\MSVC\\14.29.30133\\'), ('VCToolsRedistDir', 'C:\\Program Files (x86)\\Microsoft Visual Studio\\2019\\Community\\VC\\Redist\\MSVC\\14.29.30133\\'), ('VCToolsVersion', '14.29.30133'), ('VisualStudioVersion', '16.0'), ('VS160COMNTOOLS', 'C:\\Program Files (x86)\\Microsoft Visual Studio\\2019\\Community\\Common7\\Tools\\'), ('VSCMD_ARG_app_plat', 'Desktop'), ('VSCMD_ARG_HOST_ARCH', 'x64'), ('VSCMD_ARG_TGT_ARCH', 'x64'), ('VSCMD_VER', '16.11.23'), ('VSINSTALLDIR', 'C:\\Program Files (x86)\\Microsoft Visual Studio\\2019\\Community\\'), ('windir', 'C:\\Windows'), ('WindowsLibPath', 'C:\\Program Files (x86)\\Windows Kits\\10\\UnionMetadata\\10.0.19041.0;C:\\Program Files (x86)\\Windows Kits\\10\\References\\10.0.19041.0'), ('WindowsSdkBinPath', 'C:\\Program Files (x86)\\Windows Kits\\10\\bin\\'), ('WindowsSdkDir', 'C:\\Program Files (x86)\\Windows Kits\\10\\'), ('WindowsSDKLibVersion', '10.0.19041.0\\'), ('WindowsSdkVerBinPath', 'C:\\Program Files (x86)\\Windows Kits\\10\\bin\\10.0.19041.0\\'), ('WindowsSDKVersion', '10.0.19041.0\\'), ('__devinit_path', 'C:\\Program Files (x86)\\Microsoft Visual Studio\\2019\\Community\\Common7\\Tools\\devinit\\devinit.exe'), ('__DOTNET_ADD_64BIT', '1'), ('__DOTNET_PREFERRED_BITNESS', '64'), ('__VSCMD_PREINIT_PATH', 'C:\\Program Files\\Python38\\Scripts\\;C:\\Program Files\\Python38\\;C:\\Program Files (x86)\\Common Files\\Oracle\\Java\\javapath;C:\\Windows\\system32;C:\\Windows;C:\\Windows\\System32\\Wbem;C:\\Windows\\System32\\WindowsPowerShell\\v1.0\\;C:\\Windows\\System32\\OpenSSH\\;C:\\Program Files (x86)\\NVIDIA Corporation\\PhysX\\Common;C:\\Program Files\\NVIDIA Corporation\\NVIDIA NvDLISR;C:\\Program Files\\Microchip\\xc16\\v2.00\\bin;C:\\Program Files\\Microsoft SQL Server\\Client SDK\\ODBC\\110\\Tools\\Binn\\;C:\\Program Files (x86)\\Microsoft SQL Server\\120\\Tools\\Binn\\;C:\\Program Files\\Microsoft SQL Server\\120\\Tools\\Binn\\;C:\\Program Files\\Microsoft SQL Server\\120\\DTS\\Binn\\;C:\\Program Files (x86)\\Windows Kits\\8.1\\Windows Performance Toolkit\\;C:\\Program Files\\MATLAB\\R2021b\\bin;C:\\Program Files\\Git\\cmd;C:\\Program Files (x86)\\GtkSharp\\2.12\\bin;C:\\ProgramData\\chocolatey\\bin;C:\\Program Files\\OpenSSL-Win64\\bin\\;C:\\opencv\\x64\\vc16\\bin;C:\\ProgramData\\chocolatey\\lib\\tinyxml2\\lib;C:\\ProgramData\\chocolatey\\lib\\log4cxx\\lib;C:\\ProgramData\\chocolatey\\lib\\bullet\\lib;C:\\ProgramData\\chocolatey\\lib\\cunit\\lib;C:\\Program Files\\Cppcheck;C:\\Users\\shelb\\AppData\\Local\\Programs\\Python\\Python310\\Scripts\\;C:\\Users\\shelb\\AppData\\Local\\Programs\\Python\\Python310\\;C:\\Users\\shelb\\AppData\\Local\\Microsoft\\WindowsApps;C:\\Users\\shelb\\AppData\\Local\\Programs\\Microsoft VS Code\\bin;C:\\msys64\\mingw64\\bin;C:\\Users\\shelb\\AppData\\Local\\GitHubDesktop\\bin;C:\\intelFPGA\\18.1\\modelsim_ae\\win32aloem;C:\\Program Files\\JetBrains\\PyCharm Community Edition 2022.3.1\\bin;'), ('__VSCMD_script_err_count', '0')]), 'shell': False}
[0.922000] (-) TimerEvent: {}
[1.032000] (-) TimerEvent: {}
[1.032000] (core) StdoutLine: {'line': b'-- Selecting Windows SDK version 10.0.19041.0 to target Windows 10.0.22000.\n'}
[1.141000] (-) TimerEvent: {}
[1.266000] (-) TimerEvent: {}
[1.375000] (-) TimerEvent: {}
[1.500000] (-) TimerEvent: {}
[1.610000] (-) TimerEvent: {}
[1.719000] (-) TimerEvent: {}
[1.828000] (-) TimerEvent: {}
[1.891000] (core) StderrLine: {'line': b'CMake Error at CMakeLists.txt:19 (find_package):\n'}
[1.891000] (core) StderrLine: {'line': b'  By not providing "Findament_cmake.cmake" in CMAKE_MODULE_PATH this project\n'}
[1.891000] (core) StderrLine: {'line': b'  has asked CMake to find a package configuration file provided by\n'}
[1.891000] (core) StderrLine: {'line': b'  "ament_cmake", but CMake did not find one.\n'}
[1.891000] (core) StderrLine: {'line': b'\n'}
[1.891000] (core) StderrLine: {'line': b'  Could not find a package configuration file provided by "ament_cmake" with\n'}
[1.891000] (core) StderrLine: {'line': b'  any of the following names:\n'}
[1.891000] (core) StderrLine: {'line': b'\n'}
[1.891000] (core) StderrLine: {'line': b'    ament_cmakeConfig.cmake\n'}
[1.891000] (core) StderrLine: {'line': b'    ament_cmake-config.cmake\n'}
[1.891000] (core) StderrLine: {'line': b'\n'}
[1.891000] (core) StderrLine: {'line': b'  Add the installation prefix of "ament_cmake" to CMAKE_PREFIX_PATH or set\n'}
[1.891000] (core) StderrLine: {'line': b'  "ament_cmake_DIR" to a directory containing one of the above files.  If\n'}
[1.891000] (core) StderrLine: {'line': b'  "ament_cmake" provides a separate development package or SDK, be sure it\n'}
[1.907000] (core) StderrLine: {'line': b'  has been installed.\n'}
[1.907000] (core) StderrLine: {'line': b'\n'}
[1.907000] (core) StderrLine: {'line': b'\n'}
[1.907000] (core) StdoutLine: {'line': b'-- Configuring incomplete, errors occurred!\n'}
[1.907000] (core) StdoutLine: {'line': b'See also "C:/Users/shelb/Downloads/nova/rover/rover/build/core/CMakeFiles/CMakeOutput.log".\n'}
[1.938000] (core) CommandEnded: {'returncode': 1}
[1.938000] (-) TimerEvent: {}
[2.047000] (-) TimerEvent: {}
[2.047000] (core) JobEnded: {'identifier': 'core', 'rc': 1}
[2.063000] (autonomous) JobSkipped: {'identifier': 'autonomous'}
[2.063000] (control) JobSkipped: {'identifier': 'control'}
[2.063000] (electronics) JobSkipped: {'identifier': 'electronics'}
[2.063000] (science) JobSkipped: {'identifier': 'science'}
[2.063000] (-) EventReactorShutdown: {}
