[2.569s] [34mcolcon[0m [1;30mDEBUG[0m [32mCommand line arguments: ['C:\\Users\\shelb\\AppData\\Local\\Programs\\Python\\Python310\\Scripts\\colcon', 'build'][0m
[2.569s] [34mcolcon[0m [1;30mDEBUG[0m [32mParsed command line arguments: Namespace(log_base=None, log_level=None, verb_name='build', build_base='build', install_base='install', merge_install=False, symlink_install=False, test_result_base=None, continue_on_error=False, executor='parallel', parallel_workers=16, event_handlers=None, ignore_user_meta=False, metas=['./colcon.meta'], base_paths=['.'], packages_ignore=None, packages_ignore_regex=None, paths=None, packages_up_to=None, packages_up_to_regex=None, packages_above=None, packages_above_and_dependencies=None, packages_above_depth=None, packages_select_by_dep=None, packages_skip_by_dep=None, packages_skip_up_to=None, packages_select_build_failed=False, packages_skip_build_finished=False, packages_select_test_failures=False, packages_skip_test_passed=False, packages_select=None, packages_skip=None, packages_select_regex=None, packages_skip_regex=None, packages_start=None, packages_end=None, cmake_args=None, cmake_target=None, cmake_target_skip_unavailable=False, cmake_clean_cache=False, cmake_clean_first=False, cmake_force_configure=False, ament_cmake_args=None, catkin_cmake_args=None, catkin_skip_building_tests=False, verb_parser=<colcon_defaults.argument_parser.defaults.DefaultArgumentsDecorator object at 0x00000228B60DA3E0>, verb_extension=<colcon_core.verb.build.BuildVerb object at 0x00000228B60DA1D0>, main=<bound method BuildVerb.main of <colcon_core.verb.build.BuildVerb object at 0x00000228B60DA1D0>>)[0m
[2.775s] [34mcolcon.colcon_core.package_discovery[0m [1;30mLevel 1[0m discover_packages(colcon_meta) check parameters
[2.776s] [34mcolcon.colcon_core.package_discovery[0m [1;30mLevel 1[0m discover_packages(recursive) check parameters
[2.776s] [34mcolcon.colcon_core.package_discovery[0m [1;30mLevel 1[0m discover_packages(ignore) check parameters
[2.776s] [34mcolcon.colcon_core.package_discovery[0m [1;30mLevel 1[0m discover_packages(path) check parameters
[2.776s] [34mcolcon.colcon_core.package_discovery[0m [1;30mLevel 1[0m discover_packages(colcon_meta) discover
[2.776s] [34mcolcon.colcon_core.package_discovery[0m [1;30mLevel 1[0m discover_packages(recursive) discover
[2.776s] [34mcolcon.colcon_core.package_discovery[0m [1;30mINFO[0m Crawling recursively for packages in 'C:\Users\shelb\Downloads\nova\rover\rover'
[2.776s] [34mcolcon.colcon_core.package_identification[0m [1;30mLevel 1[0m _identify(.) by extensions ['ignore', 'ignore_ament_install']
[2.776s] [34mcolcon.colcon_core.package_identification[0m [1;30mLevel 1[0m _identify(.) by extension 'ignore'
[2.776s] [34mcolcon.colcon_core.package_identification[0m [1;30mLevel 1[0m _identify(.) by extension 'ignore_ament_install'
[2.776s] [34mcolcon.colcon_core.package_identification[0m [1;30mLevel 1[0m _identify(.) by extensions ['colcon_pkg']
[2.776s] [34mcolcon.colcon_core.package_identification[0m [1;30mLevel 1[0m _identify(.) by extension 'colcon_pkg'
[2.776s] [34mcolcon.colcon_core.package_identification[0m [1;30mLevel 1[0m _identify(.) by extensions ['colcon_meta']
[2.776s] [34mcolcon.colcon_core.package_identification[0m [1;30mLevel 1[0m _identify(.) by extension 'colcon_meta'
[2.776s] [34mcolcon.colcon_core.package_identification[0m [1;30mLevel 1[0m _identify(.) by extensions ['ros']
[2.776s] [34mcolcon.colcon_core.package_identification[0m [1;30mLevel 1[0m _identify(.) by extension 'ros'
[2.874s] [34mcolcon.colcon_core.package_identification[0m [1;30mLevel 1[0m _identify(.) by extensions ['cmake', 'python']
[2.874s] [34mcolcon.colcon_core.package_identification[0m [1;30mLevel 1[0m _identify(.) by extension 'cmake'
[2.875s] [34mcolcon.colcon_core.package_identification[0m [1;30mLevel 1[0m _identify(.) by extension 'python'
[2.875s] [34mcolcon.colcon_core.package_identification[0m [1;30mLevel 1[0m _identify(.) by extensions ['python_setup_py']
[2.875s] [34mcolcon.colcon_core.package_identification[0m [1;30mLevel 1[0m _identify(.) by extension 'python_setup_py'
[2.876s] [34mcolcon.colcon_core.package_identification[0m [1;30mLevel 1[0m _identify(autonomous) by extensions ['ignore', 'ignore_ament_install']
[2.877s] [34mcolcon.colcon_core.package_identification[0m [1;30mLevel 1[0m _identify(autonomous) by extension 'ignore'
[2.877s] [34mcolcon.colcon_core.package_identification[0m [1;30mLevel 1[0m _identify(autonomous) by extension 'ignore_ament_install'
[2.877s] [34mcolcon.colcon_core.package_identification[0m [1;30mLevel 1[0m _identify(autonomous) by extensions ['colcon_pkg']
[2.877s] [34mcolcon.colcon_core.package_identification[0m [1;30mLevel 1[0m _identify(autonomous) by extension 'colcon_pkg'
[2.877s] [34mcolcon.colcon_core.package_identification[0m [1;30mLevel 1[0m _identify(autonomous) by extensions ['colcon_meta']
[2.877s] [34mcolcon.colcon_core.package_identification[0m [1;30mLevel 1[0m _identify(autonomous) by extension 'colcon_meta'
[2.877s] [34mcolcon.colcon_core.package_identification[0m [1;30mLevel 1[0m _identify(autonomous) by extensions ['ros']
[2.877s] [34mcolcon.colcon_core.package_identification[0m [1;30mLevel 1[0m _identify(autonomous) by extension 'ros'
[2.899s] [34mcolcon.colcon_core.package_identification[0m [1;30mDEBUG[0m [32mPackage 'autonomous' with type 'ros.ament_cmake' and name 'autonomous'[0m
[2.900s] [34mcolcon.colcon_core.package_identification[0m [1;30mLevel 1[0m _identify(build) by extensions ['ignore', 'ignore_ament_install']
[2.900s] [34mcolcon.colcon_core.package_identification[0m [1;30mLevel 1[0m _identify(build) by extension 'ignore'
[2.900s] [34mcolcon.colcon_core.package_identification[0m [1;30mLevel 1[0m _identify(build) ignored
[2.900s] [34mcolcon.colcon_core.package_identification[0m [1;30mLevel 1[0m _identify(control) by extensions ['ignore', 'ignore_ament_install']
[2.900s] [34mcolcon.colcon_core.package_identification[0m [1;30mLevel 1[0m _identify(control) by extension 'ignore'
[2.900s] [34mcolcon.colcon_core.package_identification[0m [1;30mLevel 1[0m _identify(control) by extension 'ignore_ament_install'
[2.900s] [34mcolcon.colcon_core.package_identification[0m [1;30mLevel 1[0m _identify(control) by extensions ['colcon_pkg']
[2.900s] [34mcolcon.colcon_core.package_identification[0m [1;30mLevel 1[0m _identify(control) by extension 'colcon_pkg'
[2.900s] [34mcolcon.colcon_core.package_identification[0m [1;30mLevel 1[0m _identify(control) by extensions ['colcon_meta']
[2.900s] [34mcolcon.colcon_core.package_identification[0m [1;30mLevel 1[0m _identify(control) by extension 'colcon_meta'
[2.900s] [34mcolcon.colcon_core.package_identification[0m [1;30mLevel 1[0m _identify(control) by extensions ['ros']
[2.900s] [34mcolcon.colcon_core.package_identification[0m [1;30mLevel 1[0m _identify(control) by extension 'ros'
[2.907s] [34mcolcon.colcon_core.package_identification[0m [1;30mDEBUG[0m [32mPackage 'control' with type 'ros.ament_cmake' and name 'control'[0m
[2.907s] [34mcolcon.colcon_core.package_identification[0m [1;30mLevel 1[0m _identify(core) by extensions ['ignore', 'ignore_ament_install']
[2.907s] [34mcolcon.colcon_core.package_identification[0m [1;30mLevel 1[0m _identify(core) by extension 'ignore'
[2.907s] [34mcolcon.colcon_core.package_identification[0m [1;30mLevel 1[0m _identify(core) by extension 'ignore_ament_install'
[2.907s] [34mcolcon.colcon_core.package_identification[0m [1;30mLevel 1[0m _identify(core) by extensions ['colcon_pkg']
[2.907s] [34mcolcon.colcon_core.package_identification[0m [1;30mLevel 1[0m _identify(core) by extension 'colcon_pkg'
[2.907s] [34mcolcon.colcon_core.package_identification[0m [1;30mLevel 1[0m _identify(core) by extensions ['colcon_meta']
[2.907s] [34mcolcon.colcon_core.package_identification[0m [1;30mLevel 1[0m _identify(core) by extension 'colcon_meta'
[2.907s] [34mcolcon.colcon_core.package_identification[0m [1;30mLevel 1[0m _identify(core) by extensions ['ros']
[2.907s] [34mcolcon.colcon_core.package_identification[0m [1;30mLevel 1[0m _identify(core) by extension 'ros'
[2.922s] [34mcolcon.colcon_core.package_identification[0m [1;30mDEBUG[0m [32mPackage 'core' with type 'ros.ament_cmake' and name 'core'[0m
[2.922s] [34mcolcon.colcon_core.package_identification[0m [1;30mLevel 1[0m _identify(electronics) by extensions ['ignore', 'ignore_ament_install']
[2.922s] [34mcolcon.colcon_core.package_identification[0m [1;30mLevel 1[0m _identify(electronics) by extension 'ignore'
[2.922s] [34mcolcon.colcon_core.package_identification[0m [1;30mLevel 1[0m _identify(electronics) by extension 'ignore_ament_install'
[2.922s] [34mcolcon.colcon_core.package_identification[0m [1;30mLevel 1[0m _identify(electronics) by extensions ['colcon_pkg']
[2.922s] [34mcolcon.colcon_core.package_identification[0m [1;30mLevel 1[0m _identify(electronics) by extension 'colcon_pkg'
[2.922s] [34mcolcon.colcon_core.package_identification[0m [1;30mLevel 1[0m _identify(electronics) by extensions ['colcon_meta']
[2.922s] [34mcolcon.colcon_core.package_identification[0m [1;30mLevel 1[0m _identify(electronics) by extension 'colcon_meta'
[2.922s] [34mcolcon.colcon_core.package_identification[0m [1;30mLevel 1[0m _identify(electronics) by extensions ['ros']
[2.922s] [34mcolcon.colcon_core.package_identification[0m [1;30mLevel 1[0m _identify(electronics) by extension 'ros'
[2.940s] [34mcolcon.colcon_core.package_identification[0m [1;30mDEBUG[0m [32mPackage 'electronics' with type 'ros.ament_cmake' and name 'electronics'[0m
[2.940s] [34mcolcon.colcon_core.package_identification[0m [1;30mLevel 1[0m _identify(install) by extensions ['ignore', 'ignore_ament_install']
[2.940s] [34mcolcon.colcon_core.package_identification[0m [1;30mLevel 1[0m _identify(install) by extension 'ignore'
[2.940s] [34mcolcon.colcon_core.package_identification[0m [1;30mLevel 1[0m _identify(install) ignored
[2.940s] [34mcolcon.colcon_core.package_identification[0m [1;30mLevel 1[0m _identify(log) by extensions ['ignore', 'ignore_ament_install']
[2.940s] [34mcolcon.colcon_core.package_identification[0m [1;30mLevel 1[0m _identify(log) by extension 'ignore'
[2.940s] [34mcolcon.colcon_core.package_identification[0m [1;30mLevel 1[0m _identify(log) ignored
[2.940s] [34mcolcon.colcon_core.package_identification[0m [1;30mLevel 1[0m _identify(science) by extensions ['ignore', 'ignore_ament_install']
[2.940s] [34mcolcon.colcon_core.package_identification[0m [1;30mLevel 1[0m _identify(science) by extension 'ignore'
[2.940s] [34mcolcon.colcon_core.package_identification[0m [1;30mLevel 1[0m _identify(science) by extension 'ignore_ament_install'
[2.940s] [34mcolcon.colcon_core.package_identification[0m [1;30mLevel 1[0m _identify(science) by extensions ['colcon_pkg']
[2.940s] [34mcolcon.colcon_core.package_identification[0m [1;30mLevel 1[0m _identify(science) by extension 'colcon_pkg'
[2.940s] [34mcolcon.colcon_core.package_identification[0m [1;30mLevel 1[0m _identify(science) by extensions ['colcon_meta']
[2.940s] [34mcolcon.colcon_core.package_identification[0m [1;30mLevel 1[0m _identify(science) by extension 'colcon_meta'
[2.940s] [34mcolcon.colcon_core.package_identification[0m [1;30mLevel 1[0m _identify(science) by extensions ['ros']
[2.940s] [34mcolcon.colcon_core.package_identification[0m [1;30mLevel 1[0m _identify(science) by extension 'ros'
[2.956s] [34mcolcon.colcon_core.package_identification[0m [1;30mDEBUG[0m [32mPackage 'science' with type 'ros.ament_cmake' and name 'science'[0m
[2.956s] [34mcolcon.colcon_core.package_discovery[0m [1;30mLevel 1[0m discover_packages(recursive) using defaults
[2.956s] [34mcolcon.colcon_core.package_discovery[0m [1;30mLevel 1[0m discover_packages(ignore) discover
[2.956s] [34mcolcon.colcon_core.package_discovery[0m [1;30mLevel 1[0m discover_packages(ignore) using defaults
[2.956s] [34mcolcon.colcon_core.package_discovery[0m [1;30mLevel 1[0m discover_packages(path) discover
[2.956s] [34mcolcon.colcon_core.package_discovery[0m [1;30mLevel 1[0m discover_packages(path) using defaults
[3.090s] [34mcolcon.colcon_core.verb[0m [1;30mLevel 5[0m set package 'core' build argument 'cmake_args' from command line to 'None'
[3.090s] [34mcolcon.colcon_core.verb[0m [1;30mLevel 5[0m set package 'core' build argument 'cmake_target' from command line to 'None'
[3.090s] [34mcolcon.colcon_core.verb[0m [1;30mLevel 5[0m set package 'core' build argument 'cmake_target_skip_unavailable' from command line to 'False'
[3.090s] [34mcolcon.colcon_core.verb[0m [1;30mLevel 5[0m set package 'core' build argument 'cmake_clean_cache' from command line to 'False'
[3.090s] [34mcolcon.colcon_core.verb[0m [1;30mLevel 5[0m set package 'core' build argument 'cmake_clean_first' from command line to 'False'
[3.090s] [34mcolcon.colcon_core.verb[0m [1;30mLevel 5[0m set package 'core' build argument 'cmake_force_configure' from command line to 'False'
[3.090s] [34mcolcon.colcon_core.verb[0m [1;30mLevel 5[0m set package 'core' build argument 'ament_cmake_args' from command line to 'None'
[3.090s] [34mcolcon.colcon_core.verb[0m [1;30mLevel 5[0m set package 'core' build argument 'catkin_cmake_args' from command line to 'None'
[3.090s] [34mcolcon.colcon_core.verb[0m [1;30mLevel 5[0m set package 'core' build argument 'catkin_skip_building_tests' from command line to 'False'
[3.090s] [34mcolcon.colcon_core.verb[0m [1;30mDEBUG[0m [32mBuilding package 'core' with the following arguments: {'ament_cmake_args': None, 'build_base': 'C:\\Users\\shelb\\Downloads\\nova\\rover\\rover\\build\\core', 'catkin_cmake_args': None, 'catkin_skip_building_tests': False, 'cmake_args': None, 'cmake_clean_cache': False, 'cmake_clean_first': False, 'cmake_force_configure': False, 'cmake_target': None, 'cmake_target_skip_unavailable': False, 'install_base': 'C:\\Users\\shelb\\Downloads\\nova\\rover\\rover\\install\\core', 'merge_install': False, 'path': 'C:\\Users\\shelb\\Downloads\\nova\\rover\\rover\\core', 'symlink_install': False, 'test_result_base': None}[0m
[3.125s] [34mcolcon.colcon_core.verb[0m [1;30mLevel 5[0m set package 'autonomous' build argument 'cmake_args' from command line to 'None'
[3.125s] [34mcolcon.colcon_core.verb[0m [1;30mLevel 5[0m set package 'autonomous' build argument 'cmake_target' from command line to 'None'
[3.125s] [34mcolcon.colcon_core.verb[0m [1;30mLevel 5[0m set package 'autonomous' build argument 'cmake_target_skip_unavailable' from command line to 'False'
[3.125s] [34mcolcon.colcon_core.verb[0m [1;30mLevel 5[0m set package 'autonomous' build argument 'cmake_clean_cache' from command line to 'False'
[3.125s] [34mcolcon.colcon_core.verb[0m [1;30mLevel 5[0m set package 'autonomous' build argument 'cmake_clean_first' from command line to 'False'
[3.125s] [34mcolcon.colcon_core.verb[0m [1;30mLevel 5[0m set package 'autonomous' build argument 'cmake_force_configure' from command line to 'False'
[3.125s] [34mcolcon.colcon_core.verb[0m [1;30mLevel 5[0m set package 'autonomous' build argument 'ament_cmake_args' from command line to 'None'
[3.125s] [34mcolcon.colcon_core.verb[0m [1;30mLevel 5[0m set package 'autonomous' build argument 'catkin_cmake_args' from command line to 'None'
[3.125s] [34mcolcon.colcon_core.verb[0m [1;30mLevel 5[0m set package 'autonomous' build argument 'catkin_skip_building_tests' from command line to 'False'
[3.125s] [34mcolcon.colcon_core.verb[0m [1;30mDEBUG[0m [32mBuilding package 'autonomous' with the following arguments: {'ament_cmake_args': None, 'build_base': 'C:\\Users\\shelb\\Downloads\\nova\\rover\\rover\\build\\autonomous', 'catkin_cmake_args': None, 'catkin_skip_building_tests': False, 'cmake_args': None, 'cmake_clean_cache': False, 'cmake_clean_first': False, 'cmake_force_configure': False, 'cmake_target': None, 'cmake_target_skip_unavailable': False, 'install_base': 'C:\\Users\\shelb\\Downloads\\nova\\rover\\rover\\install\\autonomous', 'merge_install': False, 'path': 'C:\\Users\\shelb\\Downloads\\nova\\rover\\rover\\autonomous', 'symlink_install': False, 'test_result_base': None}[0m
[3.139s] [34mcolcon.colcon_core.verb[0m [1;30mLevel 5[0m set package 'control' build argument 'cmake_args' from command line to 'None'
[3.139s] [34mcolcon.colcon_core.verb[0m [1;30mLevel 5[0m set package 'control' build argument 'cmake_target' from command line to 'None'
[3.139s] [34mcolcon.colcon_core.verb[0m [1;30mLevel 5[0m set package 'control' build argument 'cmake_target_skip_unavailable' from command line to 'False'
[3.139s] [34mcolcon.colcon_core.verb[0m [1;30mLevel 5[0m set package 'control' build argument 'cmake_clean_cache' from command line to 'False'
[3.139s] [34mcolcon.colcon_core.verb[0m [1;30mLevel 5[0m set package 'control' build argument 'cmake_clean_first' from command line to 'False'
[3.139s] [34mcolcon.colcon_core.verb[0m [1;30mLevel 5[0m set package 'control' build argument 'cmake_force_configure' from command line to 'False'
[3.139s] [34mcolcon.colcon_core.verb[0m [1;30mLevel 5[0m set package 'control' build argument 'ament_cmake_args' from command line to 'None'
[3.139s] [34mcolcon.colcon_core.verb[0m [1;30mLevel 5[0m set package 'control' build argument 'catkin_cmake_args' from command line to 'None'
[3.139s] [34mcolcon.colcon_core.verb[0m [1;30mLevel 5[0m set package 'control' build argument 'catkin_skip_building_tests' from command line to 'False'
[3.139s] [34mcolcon.colcon_core.verb[0m [1;30mDEBUG[0m [32mBuilding package 'control' with the following arguments: {'ament_cmake_args': None, 'build_base': 'C:\\Users\\shelb\\Downloads\\nova\\rover\\rover\\build\\control', 'catkin_cmake_args': None, 'catkin_skip_building_tests': False, 'cmake_args': None, 'cmake_clean_cache': False, 'cmake_clean_first': False, 'cmake_force_configure': False, 'cmake_target': None, 'cmake_target_skip_unavailable': False, 'install_base': 'C:\\Users\\shelb\\Downloads\\nova\\rover\\rover\\install\\control', 'merge_install': False, 'path': 'C:\\Users\\shelb\\Downloads\\nova\\rover\\rover\\control', 'symlink_install': False, 'test_result_base': None}[0m
[3.167s] [34mcolcon.colcon_core.verb[0m [1;30mLevel 5[0m set package 'electronics' build argument 'cmake_args' from command line to 'None'
[3.167s] [34mcolcon.colcon_core.verb[0m [1;30mLevel 5[0m set package 'electronics' build argument 'cmake_target' from command line to 'None'
[3.167s] [34mcolcon.colcon_core.verb[0m [1;30mLevel 5[0m set package 'electronics' build argument 'cmake_target_skip_unavailable' from command line to 'False'
[3.167s] [34mcolcon.colcon_core.verb[0m [1;30mLevel 5[0m set package 'electronics' build argument 'cmake_clean_cache' from command line to 'False'
[3.167s] [34mcolcon.colcon_core.verb[0m [1;30mLevel 5[0m set package 'electronics' build argument 'cmake_clean_first' from command line to 'False'
[3.167s] [34mcolcon.colcon_core.verb[0m [1;30mLevel 5[0m set package 'electronics' build argument 'cmake_force_configure' from command line to 'False'
[3.167s] [34mcolcon.colcon_core.verb[0m [1;30mLevel 5[0m set package 'electronics' build argument 'ament_cmake_args' from command line to 'None'
[3.167s] [34mcolcon.colcon_core.verb[0m [1;30mLevel 5[0m set package 'electronics' build argument 'catkin_cmake_args' from command line to 'None'
[3.167s] [34mcolcon.colcon_core.verb[0m [1;30mLevel 5[0m set package 'electronics' build argument 'catkin_skip_building_tests' from command line to 'False'
[3.167s] [34mcolcon.colcon_core.verb[0m [1;30mDEBUG[0m [32mBuilding package 'electronics' with the following arguments: {'ament_cmake_args': None, 'build_base': 'C:\\Users\\shelb\\Downloads\\nova\\rover\\rover\\build\\electronics', 'catkin_cmake_args': None, 'catkin_skip_building_tests': False, 'cmake_args': None, 'cmake_clean_cache': False, 'cmake_clean_first': False, 'cmake_force_configure': False, 'cmake_target': None, 'cmake_target_skip_unavailable': False, 'install_base': 'C:\\Users\\shelb\\Downloads\\nova\\rover\\rover\\install\\electronics', 'merge_install': False, 'path': 'C:\\Users\\shelb\\Downloads\\nova\\rover\\rover\\electronics', 'symlink_install': False, 'test_result_base': None}[0m
[3.189s] [34mcolcon.colcon_core.verb[0m [1;30mLevel 5[0m set package 'science' build argument 'cmake_args' from command line to 'None'
[3.189s] [34mcolcon.colcon_core.verb[0m [1;30mLevel 5[0m set package 'science' build argument 'cmake_target' from command line to 'None'
[3.189s] [34mcolcon.colcon_core.verb[0m [1;30mLevel 5[0m set package 'science' build argument 'cmake_target_skip_unavailable' from command line to 'False'
[3.189s] [34mcolcon.colcon_core.verb[0m [1;30mLevel 5[0m set package 'science' build argument 'cmake_clean_cache' from command line to 'False'
[3.189s] [34mcolcon.colcon_core.verb[0m [1;30mLevel 5[0m set package 'science' build argument 'cmake_clean_first' from command line to 'False'
[3.189s] [34mcolcon.colcon_core.verb[0m [1;30mLevel 5[0m set package 'science' build argument 'cmake_force_configure' from command line to 'False'
[3.189s] [34mcolcon.colcon_core.verb[0m [1;30mLevel 5[0m set package 'science' build argument 'ament_cmake_args' from command line to 'None'
[3.189s] [34mcolcon.colcon_core.verb[0m [1;30mLevel 5[0m set package 'science' build argument 'catkin_cmake_args' from command line to 'None'
[3.189s] [34mcolcon.colcon_core.verb[0m [1;30mLevel 5[0m set package 'science' build argument 'catkin_skip_building_tests' from command line to 'False'
[3.189s] [34mcolcon.colcon_core.verb[0m [1;30mDEBUG[0m [32mBuilding package 'science' with the following arguments: {'ament_cmake_args': None, 'build_base': 'C:\\Users\\shelb\\Downloads\\nova\\rover\\rover\\build\\science', 'catkin_cmake_args': None, 'catkin_skip_building_tests': False, 'cmake_args': None, 'cmake_clean_cache': False, 'cmake_clean_first': False, 'cmake_force_configure': False, 'cmake_target': None, 'cmake_target_skip_unavailable': False, 'install_base': 'C:\\Users\\shelb\\Downloads\\nova\\rover\\rover\\install\\science', 'merge_install': False, 'path': 'C:\\Users\\shelb\\Downloads\\nova\\rover\\rover\\science', 'symlink_install': False, 'test_result_base': None}[0m
[3.189s] [34mcolcon.colcon_core.executor[0m [1;30mINFO[0m Executing jobs using 'parallel' executor
[3.241s] [34mcolcon.colcon_parallel_executor.executor.parallel[0m [1;30mDEBUG[0m [32mrun_until_complete[0m
[3.243s] [34mcolcon.colcon_ros.task.ament_cmake.build[0m [1;30mINFO[0m Building ROS package in 'C:\Users\shelb\Downloads\nova\rover\rover\core' with build type 'ament_cmake'
[3.243s] [34mcolcon.colcon_cmake.task.cmake.build[0m [1;30mINFO[0m Building CMake package in 'C:\Users\shelb\Downloads\nova\rover\rover\core'
[3.264s] [34mcolcon.colcon_core.plugin_system[0m [1;30mINFO[0m Skipping extension 'colcon_core.shell.sh': Not used on Windows systems
[3.264s] [34mcolcon.colcon_core.shell[0m [1;30mINFO[0m Skip shell extension 'powershell' for command environment: Not usable outside of PowerShell
[4.145s] [34mcolcon.colcon_core.event_handler.log_command[0m [1;30mDEBUG[0m [32mInvoking command in 'C:\Users\shelb\Downloads\nova\rover\rover\build\core': PUBLIC=%PUBLIC%
PyCharm Community Edition=C:\Program Files\JetBrains\PyCharm Community Edition 2022.3.1\bin; C:\Program Files (x86)\Microsoft Visual Studio\2019\Community\Common7\IDE\CommonExtensions\Microsoft\CMake\CMake\bin\cmake.EXE C:\Users\shelb\Downloads\nova\rover\rover\core -DCMAKE_INSTALL_PREFIX=C:\Users\shelb\Downloads\nova\rover\rover\install\core[0m
[5.163s] [34mcolcon.colcon_core.event_handler.log_command[0m [1;30mDEBUG[0m [32mInvoked command in 'C:\Users\shelb\Downloads\nova\rover\rover\build\core' returned '1': PUBLIC=%PUBLIC%
PyCharm Community Edition=C:\Program Files\JetBrains\PyCharm Community Edition 2022.3.1\bin; C:\Program Files (x86)\Microsoft Visual Studio\2019\Community\Common7\IDE\CommonExtensions\Microsoft\CMake\CMake\bin\cmake.EXE C:\Users\shelb\Downloads\nova\rover\rover\core -DCMAKE_INSTALL_PREFIX=C:\Users\shelb\Downloads\nova\rover\rover\install\core[0m
[5.165s] [34mcolcon.colcon_core.environment[0m [1;30mLevel 1[0m create_environment_scripts_only(core)
[5.212s] [34mcolcon.colcon_core.environment[0m [1;30mLevel 1[0m checking 'C:\Users\shelb\Downloads\nova\rover\rover\install\core' for CMake module files
[5.215s] [34mcolcon.colcon_core.environment[0m [1;30mLevel 1[0m checking 'C:\Users\shelb\Downloads\nova\rover\rover\install\core' for CMake config files
[5.216s] [34mcolcon.colcon_core.environment[0m [1;30mLevel 1[0m checking 'C:\Users\shelb\Downloads\nova\rover\rover\install\core\bin'
[5.216s] [34mcolcon.colcon_core.environment[0m [1;30mLevel 1[0m checking 'C:\Users\shelb\Downloads\nova\rover\rover\install\core\bin'
[5.216s] [34mcolcon.colcon_core.environment[0m [1;30mLevel 1[0m checking 'C:\Users\shelb\Downloads\nova\rover\rover\install\core\lib\pkgconfig\core.pc'
[5.216s] [34mcolcon.colcon_core.environment[0m [1;30mLevel 1[0m checking 'C:\Users\shelb\Downloads\nova\rover\rover\install\core\Lib\site-packages'
[5.216s] [34mcolcon.colcon_core.environment[0m [1;30mLevel 1[0m checking 'C:\Users\shelb\Downloads\nova\rover\rover\install\core\Scripts'
[5.224s] [34mcolcon.colcon_core.shell[0m [1;30mINFO[0m Creating package script 'C:\Users\shelb\Downloads\nova\rover\rover\install\core\share\core\package.ps1'
[5.248s] [34mcolcon.colcon_core.shell[0m [1;30mINFO[0m Creating package script 'C:\Users\shelb\Downloads\nova\rover\rover\install\core\share\core\package.bat'
[5.262s] [34mcolcon.colcon_core.shell[0m [1;30mINFO[0m Creating package descriptor 'C:\Users\shelb\Downloads\nova\rover\rover\install\core\share\core\package.dsv'
[5.264s] [34mcolcon.colcon_core.environment[0m [1;30mLevel 1[0m create_file_with_runtime_dependencies(C:\Users\shelb\Downloads\nova\rover\rover\install\core\share\colcon-core\packages\core)
[5.288s] [34mcolcon.colcon_parallel_executor.executor.parallel[0m [1;30mDEBUG[0m [32mrun_until_complete finished with '1'[0m
[5.288s] [34mcolcon.colcon_core.event_reactor[0m [1;30mDEBUG[0m [32mjoining thread[0m
[5.323s] [34mcolcon.colcon_core.plugin_system[0m [1;30mINFO[0m Skipping extension 'colcon_notification.desktop_notification.notify2': 'notify2' not found
[5.323s] [34mcolcon.colcon_core.plugin_system[0m [1;30mINFO[0m Skipping extension 'colcon_notification.desktop_notification.notify_send': Not used on non-Linux systems
[5.323s] [34mcolcon.colcon_core.plugin_system[0m [1;30mINFO[0m Skipping extension 'colcon_notification.desktop_notification.terminal_notifier': Not used on non-Darwin systems
[5.323s] [34mcolcon.colcon_notification.desktop_notification[0m [1;30mINFO[0m Sending desktop notification using 'win32'
[10.477s] [34mcolcon.colcon_core.event_reactor[0m [1;30mDEBUG[0m [32mjoined thread[0m
[10.495s] [34mcolcon.colcon_core.shell[0m [1;30mINFO[0m Creating prefix script 'C:\Users\shelb\Downloads\nova\rover\rover\install\local_setup.ps1'
[10.517s] [34mcolcon.colcon_core.shell[0m [1;30mINFO[0m Creating prefix util module 'C:\Users\shelb\Downloads\nova\rover\rover\install\_local_setup_util_ps1.py'
[10.535s] [34mcolcon.colcon_core.shell[0m [1;30mINFO[0m Creating prefix chain script 'C:\Users\shelb\Downloads\nova\rover\rover\install\setup.ps1'
[10.566s] [34mcolcon.colcon_core.shell[0m [1;30mINFO[0m Creating prefix script 'C:\Users\shelb\Downloads\nova\rover\rover\install\local_setup.bat'
[10.590s] [34mcolcon.colcon_core.shell[0m [1;30mINFO[0m Creating prefix util module 'C:\Users\shelb\Downloads\nova\rover\rover\install\_local_setup_util_bat.py'
[10.591s] [34mcolcon.colcon_core.shell[0m [1;30mINFO[0m Creating prefix chain script 'C:\Users\shelb\Downloads\nova\rover\rover\install\setup.bat'
