[0.906s] Invoking command in 'C:\Users\shelb\Downloads\nova\rover\rover\build\core': PUBLIC=%PUBLIC%
PyCharm Community Edition=C:\Program Files\JetBrains\PyCharm Community Edition 2022.3.1\bin; C:\Program Files (x86)\Microsoft Visual Studio\2019\Community\Common7\IDE\CommonExtensions\Microsoft\CMake\CMake\bin\cmake.EXE C:\Users\shelb\Downloads\nova\rover\rover\core -DCMAKE_INSTALL_PREFIX=C:\Users\shelb\Downloads\nova\rover\rover\install\core
[1.016s] -- Selecting Windows SDK version 10.0.19041.0 to target Windows 10.0.22000.
[1.875s] CMake Error at CMakeLists.txt:19 (find_package):
[1.875s]   By not providing "Findament_cmake.cmake" in CMAKE_MODULE_PATH this project
[1.875s]   has asked CMake to find a package configuration file provided by
[1.875s]   "ament_cmake", but CMake did not find one.
[1.875s] 
[1.875s]   Could not find a package configuration file provided by "ament_cmake" with
[1.875s]   any of the following names:
[1.875s] 
[1.875s]     ament_cmakeConfig.cmake
[1.875s]     ament_cmake-config.cmake
[1.875s] 
[1.875s]   Add the installation prefix of "ament_cmake" to CMAKE_PREFIX_PATH or set
[1.875s]   "ament_cmake_DIR" to a directory containing one of the above files.  If
[1.891s]   "ament_cmake" provides a separate development package or SDK, be sure it
[1.891s]   has been installed.
[1.891s] 
[1.891s] 
[1.891s] -- Configuring incomplete, errors occurred!
[1.891s] See also "C:/Users/shelb/Downloads/nova/rover/rover/build/core/CMakeFiles/CMakeOutput.log".
[1.922s] Invoked command in 'C:\Users\shelb\Downloads\nova\rover\rover\build\core' returned '1': PUBLIC=%PUBLIC%
PyCharm Community Edition=C:\Program Files\JetBrains\PyCharm Community Edition 2022.3.1\bin; C:\Program Files (x86)\Microsoft Visual Studio\2019\Community\Common7\IDE\CommonExtensions\Microsoft\CMake\CMake\bin\cmake.EXE C:\Users\shelb\Downloads\nova\rover\rover\core -DCMAKE_INSTALL_PREFIX=C:\Users\shelb\Downloads\nova\rover\rover\install\core
