[0.179s] DEBUG:colcon:Command line arguments: ['/usr/bin/colcon', 'build', '--allow-overriding', 'autonomous']
[0.180s] DEBUG:colcon:Parsed command line arguments: Namespace(allow_overriding=['autonomous'], ament_cmake_args=None, base_paths=['.'], build_base='build', catkin_cmake_args=None, catkin_skip_building_tests=False, cmake_args=None, cmake_clean_cache=False, cmake_clean_first=False, cmake_force_configure=False, cmake_target=None, cmake_target_skip_unavailable=False, continue_on_error=False, event_handlers=None, executor='parallel', ignore_user_meta=False, install_base='install', log_base=None, log_level=None, main=<bound method BuildVerb.main of <colcon_core.verb.build.BuildVerb object at 0x7fcf9be1a3c8>>, merge_install=False, metas=['./colcon.meta'], packages_above=None, packages_above_and_dependencies=None, packages_above_depth=None, packages_end=None, packages_ignore=None, packages_ignore_regex=None, packages_select=None, packages_select_build_failed=False, packages_select_by_dep=None, packages_select_regex=None, packages_select_test_failures=False, packages_skip=None, packages_skip_build_finished=False, packages_skip_by_dep=None, packages_skip_regex=None, packages_skip_test_passed=False, packages_skip_up_to=None, packages_start=None, packages_up_to=None, packages_up_to_regex=None, parallel_workers=8, paths=None, symlink_install=False, test_result_base=None, verb_extension=<colcon_core.verb.build.BuildVerb object at 0x7fcf9be1a3c8>, verb_name='build', verb_parser=<colcon_defaults.argument_parser.defaults.DefaultArgumentsDecorator object at 0x7fcf9be1a630>)
[0.185s] Level 1:colcon.colcon_core.package_discovery:discover_packages(colcon_meta) check parameters
[0.185s] Level 1:colcon.colcon_core.package_discovery:discover_packages(recursive) check parameters
[0.185s] Level 1:colcon.colcon_core.package_discovery:discover_packages(ignore) check parameters
[0.185s] Level 1:colcon.colcon_core.package_discovery:discover_packages(path) check parameters
[0.185s] Level 1:colcon.colcon_core.package_discovery:discover_packages(colcon_meta) discover
[0.185s] Level 1:colcon.colcon_core.package_discovery:discover_packages(recursive) discover
[0.185s] INFO:colcon.colcon_core.package_discovery:Crawling recursively for packages in '/home/asus-ap/nova_ws/src/autonomous'
[0.185s] Level 1:colcon.colcon_core.package_identification:_identify(.) by extensions ['ignore', 'ignore_ament_install']
[0.185s] Level 1:colcon.colcon_core.package_identification:_identify(.) by extension 'ignore'
[0.186s] Level 1:colcon.colcon_core.package_identification:_identify(.) by extension 'ignore_ament_install'
[0.186s] Level 1:colcon.colcon_core.package_identification:_identify(.) by extensions ['colcon_pkg']
[0.186s] Level 1:colcon.colcon_core.package_identification:_identify(.) by extension 'colcon_pkg'
[0.186s] Level 1:colcon.colcon_core.package_identification:_identify(.) by extensions ['colcon_meta']
[0.186s] Level 1:colcon.colcon_core.package_identification:_identify(.) by extension 'colcon_meta'
[0.186s] Level 1:colcon.colcon_core.package_identification:_identify(.) by extensions ['ros']
[0.186s] Level 1:colcon.colcon_core.package_identification:_identify(.) by extension 'ros'
[0.203s] DEBUG:colcon.colcon_core.package_identification:Package '.' with type 'ros.ament_cmake' and name 'autonomous'
[0.203s] Level 1:colcon.colcon_core.package_discovery:discover_packages(recursive) using defaults
[0.203s] Level 1:colcon.colcon_core.package_discovery:discover_packages(ignore) discover
[0.203s] Level 1:colcon.colcon_core.package_discovery:discover_packages(ignore) using defaults
[0.203s] Level 1:colcon.colcon_core.package_discovery:discover_packages(path) discover
[0.203s] Level 1:colcon.colcon_core.package_discovery:discover_packages(path) using defaults
[0.237s] Level 5:colcon.colcon_core.verb:set package 'autonomous' build argument 'cmake_args' from command line to 'None'
[0.237s] Level 5:colcon.colcon_core.verb:set package 'autonomous' build argument 'cmake_target' from command line to 'None'
[0.237s] Level 5:colcon.colcon_core.verb:set package 'autonomous' build argument 'cmake_target_skip_unavailable' from command line to 'False'
[0.237s] Level 5:colcon.colcon_core.verb:set package 'autonomous' build argument 'cmake_clean_cache' from command line to 'False'
[0.237s] Level 5:colcon.colcon_core.verb:set package 'autonomous' build argument 'cmake_clean_first' from command line to 'False'
[0.237s] Level 5:colcon.colcon_core.verb:set package 'autonomous' build argument 'cmake_force_configure' from command line to 'False'
[0.237s] Level 5:colcon.colcon_core.verb:set package 'autonomous' build argument 'ament_cmake_args' from command line to 'None'
[0.237s] Level 5:colcon.colcon_core.verb:set package 'autonomous' build argument 'catkin_cmake_args' from command line to 'None'
[0.237s] Level 5:colcon.colcon_core.verb:set package 'autonomous' build argument 'catkin_skip_building_tests' from command line to 'False'
[0.237s] DEBUG:colcon.colcon_core.verb:Building package 'autonomous' with the following arguments: {'ament_cmake_args': None, 'build_base': '/home/asus-ap/nova_ws/src/autonomous/build/autonomous', 'catkin_cmake_args': None, 'catkin_skip_building_tests': False, 'cmake_args': None, 'cmake_clean_cache': False, 'cmake_clean_first': False, 'cmake_force_configure': False, 'cmake_target': None, 'cmake_target_skip_unavailable': False, 'install_base': '/home/asus-ap/nova_ws/src/autonomous/install/autonomous', 'merge_install': False, 'path': '/home/asus-ap/nova_ws/src/autonomous', 'symlink_install': False, 'test_result_base': None}
[0.242s] INFO:colcon.colcon_core.executor:Executing jobs using 'parallel' executor
[0.244s] DEBUG:colcon.colcon_parallel_executor.executor.parallel:run_until_complete
[0.245s] INFO:colcon.colcon_ros.task.ament_cmake.build:Building ROS package in '/home/asus-ap/nova_ws/src/autonomous' with build type 'ament_cmake'
[0.245s] INFO:colcon.colcon_cmake.task.cmake.build:Building CMake package in '/home/asus-ap/nova_ws/src/autonomous'
[0.249s] INFO:colcon.colcon_core.plugin_system:Skipping extension 'colcon_core.shell.bat': Not used on non-Windows systems
[0.249s] INFO:colcon.colcon_core.shell:Skip shell extension 'powershell' for command environment: Not usable outside of PowerShell
[0.249s] DEBUG:colcon.colcon_core.shell:Skip shell extension 'dsv' for command environment
[0.262s] DEBUG:colcon.colcon_core.event_handler.log_command:Invoking command in '/home/asus-ap/nova_ws/src/autonomous/build/autonomous': CMAKE_PREFIX_PATH=${CMAKE_PREFIX_PATH}:/opt/ros/eloquent /usr/bin/cmake --build /home/asus-ap/nova_ws/src/autonomous/build/autonomous -- -j8 -l8
[0.346s] DEBUG:colcon.colcon_core.event_handler.log_command:Invoked command in '/home/asus-ap/nova_ws/src/autonomous/build/autonomous' returned '0': CMAKE_PREFIX_PATH=${CMAKE_PREFIX_PATH}:/opt/ros/eloquent /usr/bin/cmake --build /home/asus-ap/nova_ws/src/autonomous/build/autonomous -- -j8 -l8
[0.392s] DEBUG:colcon.colcon_core.event_handler.log_command:Invoking command in '/home/asus-ap/nova_ws/src/autonomous/build/autonomous': CMAKE_PREFIX_PATH=${CMAKE_PREFIX_PATH}:/opt/ros/eloquent /usr/bin/cmake --build /home/asus-ap/nova_ws/src/autonomous/build/autonomous --target install -- -j8 -l8
[0.493s] Level 1:colcon.colcon_core.environment:create_environment_scripts_only(autonomous)
[0.493s] DEBUG:colcon.colcon_core.event_handler.log_command:Invoked command in '/home/asus-ap/nova_ws/src/autonomous/build/autonomous' returned '0': CMAKE_PREFIX_PATH=${CMAKE_PREFIX_PATH}:/opt/ros/eloquent /usr/bin/cmake --build /home/asus-ap/nova_ws/src/autonomous/build/autonomous --target install -- -j8 -l8
[0.499s] Level 1:colcon.colcon_core.environment:checking '/home/asus-ap/nova_ws/src/autonomous/install/autonomous' for CMake module files
[0.499s] Level 1:colcon.colcon_core.environment:checking '/home/asus-ap/nova_ws/src/autonomous/install/autonomous' for CMake config files
[0.499s] Level 1:colcon.colcon_core.shell:create_environment_hook('autonomous', 'cmake_prefix_path')
[0.500s] INFO:colcon.colcon_core.shell:Creating environment hook '/home/asus-ap/nova_ws/src/autonomous/install/autonomous/share/autonomous/hook/cmake_prefix_path.ps1'
[0.501s] INFO:colcon.colcon_core.shell:Creating environment descriptor '/home/asus-ap/nova_ws/src/autonomous/install/autonomous/share/autonomous/hook/cmake_prefix_path.dsv'
[0.501s] INFO:colcon.colcon_core.shell:Creating environment hook '/home/asus-ap/nova_ws/src/autonomous/install/autonomous/share/autonomous/hook/cmake_prefix_path.sh'
[0.503s] Level 1:colcon.colcon_core.environment:checking '/home/asus-ap/nova_ws/src/autonomous/install/autonomous/bin'
[0.503s] Level 1:colcon.colcon_core.environment:checking '/home/asus-ap/nova_ws/src/autonomous/install/autonomous/lib/pkgconfig/autonomous.pc'
[0.503s] Level 1:colcon.colcon_core.environment:checking '/home/asus-ap/nova_ws/src/autonomous/install/autonomous/lib/python3.6/site-packages'
[0.504s] INFO:colcon.colcon_core.shell:Creating package script '/home/asus-ap/nova_ws/src/autonomous/install/autonomous/share/autonomous/package.ps1'
[0.505s] INFO:colcon.colcon_core.shell:Creating package descriptor '/home/asus-ap/nova_ws/src/autonomous/install/autonomous/share/autonomous/package.dsv'
[0.505s] INFO:colcon.colcon_core.shell:Creating package script '/home/asus-ap/nova_ws/src/autonomous/install/autonomous/share/autonomous/package.sh'
[0.506s] INFO:colcon.colcon_core.shell:Creating package script '/home/asus-ap/nova_ws/src/autonomous/install/autonomous/share/autonomous/package.bash'
[0.507s] INFO:colcon.colcon_core.shell:Creating package script '/home/asus-ap/nova_ws/src/autonomous/install/autonomous/share/autonomous/package.zsh'
[0.508s] Level 1:colcon.colcon_core.environment:create_file_with_runtime_dependencies(/home/asus-ap/nova_ws/src/autonomous/install/autonomous/share/colcon-core/packages/autonomous)
[0.539s] Level 1:colcon.colcon_core.environment:create_environment_scripts_only(autonomous)
[0.540s] Level 1:colcon.colcon_core.environment:checking '/home/asus-ap/nova_ws/src/autonomous/install/autonomous' for CMake module files
[0.541s] Level 1:colcon.colcon_core.environment:checking '/home/asus-ap/nova_ws/src/autonomous/install/autonomous' for CMake config files
[0.541s] Level 1:colcon.colcon_core.shell:create_environment_hook('autonomous', 'cmake_prefix_path')
[0.542s] INFO:colcon.colcon_core.shell:Creating environment hook '/home/asus-ap/nova_ws/src/autonomous/install/autonomous/share/autonomous/hook/cmake_prefix_path.ps1'
[0.542s] INFO:colcon.colcon_core.shell:Creating environment descriptor '/home/asus-ap/nova_ws/src/autonomous/install/autonomous/share/autonomous/hook/cmake_prefix_path.dsv'
[0.543s] INFO:colcon.colcon_core.shell:Creating environment hook '/home/asus-ap/nova_ws/src/autonomous/install/autonomous/share/autonomous/hook/cmake_prefix_path.sh'
[0.544s] Level 1:colcon.colcon_core.environment:checking '/home/asus-ap/nova_ws/src/autonomous/install/autonomous/bin'
[0.544s] Level 1:colcon.colcon_core.environment:checking '/home/asus-ap/nova_ws/src/autonomous/install/autonomous/lib/pkgconfig/autonomous.pc'
[0.544s] Level 1:colcon.colcon_core.environment:checking '/home/asus-ap/nova_ws/src/autonomous/install/autonomous/lib/python3.6/site-packages'
[0.545s] INFO:colcon.colcon_core.shell:Creating package script '/home/asus-ap/nova_ws/src/autonomous/install/autonomous/share/autonomous/package.ps1'
[0.545s] INFO:colcon.colcon_core.shell:Creating package descriptor '/home/asus-ap/nova_ws/src/autonomous/install/autonomous/share/autonomous/package.dsv'
[0.546s] INFO:colcon.colcon_core.shell:Creating package script '/home/asus-ap/nova_ws/src/autonomous/install/autonomous/share/autonomous/package.sh'
[0.546s] INFO:colcon.colcon_core.shell:Creating package script '/home/asus-ap/nova_ws/src/autonomous/install/autonomous/share/autonomous/package.bash'
[0.547s] INFO:colcon.colcon_core.shell:Creating package script '/home/asus-ap/nova_ws/src/autonomous/install/autonomous/share/autonomous/package.zsh'
[0.547s] Level 1:colcon.colcon_core.environment:create_file_with_runtime_dependencies(/home/asus-ap/nova_ws/src/autonomous/install/autonomous/share/colcon-core/packages/autonomous)
[0.548s] DEBUG:colcon.colcon_parallel_executor.executor.parallel:closing loop
[0.548s] DEBUG:colcon.colcon_parallel_executor.executor.parallel:loop closed
[0.548s] DEBUG:colcon.colcon_parallel_executor.executor.parallel:run_until_complete finished with '0'
[0.549s] DEBUG:colcon.colcon_core.event_reactor:joining thread
[0.555s] INFO:colcon.colcon_core.plugin_system:Skipping extension 'colcon_notification.desktop_notification.terminal_notifier': Not used on non-Darwin systems
[0.556s] INFO:colcon.colcon_core.plugin_system:Skipping extension 'colcon_notification.desktop_notification.win32': Not used on non-Windows systems
[0.556s] INFO:colcon.colcon_notification.desktop_notification:Sending desktop notification using 'notify2'
[0.559s] DEBUG:colcon.colcon_core.event_reactor:joined thread
[0.560s] INFO:colcon.colcon_core.shell:Creating prefix script '/home/asus-ap/nova_ws/src/autonomous/install/local_setup.ps1'
[0.561s] INFO:colcon.colcon_core.shell:Creating prefix util module '/home/asus-ap/nova_ws/src/autonomous/install/_local_setup_util_ps1.py'
[0.563s] INFO:colcon.colcon_core.shell:Creating prefix chain script '/home/asus-ap/nova_ws/src/autonomous/install/setup.ps1'
[0.565s] INFO:colcon.colcon_core.shell:Creating prefix script '/home/asus-ap/nova_ws/src/autonomous/install/local_setup.sh'
[0.566s] INFO:colcon.colcon_core.shell:Creating prefix util module '/home/asus-ap/nova_ws/src/autonomous/install/_local_setup_util_sh.py'
[0.566s] INFO:colcon.colcon_core.shell:Creating prefix chain script '/home/asus-ap/nova_ws/src/autonomous/install/setup.sh'
[0.567s] INFO:colcon.colcon_core.shell:Creating prefix script '/home/asus-ap/nova_ws/src/autonomous/install/local_setup.bash'
[0.568s] INFO:colcon.colcon_core.shell:Creating prefix chain script '/home/asus-ap/nova_ws/src/autonomous/install/setup.bash'
[0.570s] INFO:colcon.colcon_core.shell:Creating prefix script '/home/asus-ap/nova_ws/src/autonomous/install/local_setup.zsh'
[0.570s] INFO:colcon.colcon_core.shell:Creating prefix chain script '/home/asus-ap/nova_ws/src/autonomous/install/setup.zsh'
